Archive member included to satisfy reference by file (symbol)

c:/st/stm32cubeide_1.11.0/stm32cubeide/plugins/com.st.stm32cube.ide.mcu.externaltools.gnu-tools-for-stm32.10.3-2021.10.win32_1.0.100.202210260954/tools/bin/../lib/gcc/arm-none-eabi/10.3.1/../../../../arm-none-eabi/lib/thumb/v7-m/nofp\libc_nano.a(lib_a-errno.o)
                              ./Core/Src/syscalls.o (__errno)
c:/st/stm32cubeide_1.11.0/stm32cubeide/plugins/com.st.stm32cube.ide.mcu.externaltools.gnu-tools-for-stm32.10.3-2021.10.win32_1.0.100.202210260954/tools/bin/../lib/gcc/arm-none-eabi/10.3.1/../../../../arm-none-eabi/lib/thumb/v7-m/nofp\libc_nano.a(lib_a-exit.o)
                              c:/st/stm32cubeide_1.11.0/stm32cubeide/plugins/com.st.stm32cube.ide.mcu.externaltools.gnu-tools-for-stm32.10.3-2021.10.win32_1.0.100.202210260954/tools/bin/../lib/gcc/arm-none-eabi/10.3.1/../../../../arm-none-eabi/lib/thumb/v7-m/nofp/crt0.o (exit)
c:/st/stm32cubeide_1.11.0/stm32cubeide/plugins/com.st.stm32cube.ide.mcu.externaltools.gnu-tools-for-stm32.10.3-2021.10.win32_1.0.100.202210260954/tools/bin/../lib/gcc/arm-none-eabi/10.3.1/../../../../arm-none-eabi/lib/thumb/v7-m/nofp\libc_nano.a(lib_a-impure.o)
                              c:/st/stm32cubeide_1.11.0/stm32cubeide/plugins/com.st.stm32cube.ide.mcu.externaltools.gnu-tools-for-stm32.10.3-2021.10.win32_1.0.100.202210260954/tools/bin/../lib/gcc/arm-none-eabi/10.3.1/../../../../arm-none-eabi/lib/thumb/v7-m/nofp\libc_nano.a(lib_a-exit.o) (_global_impure_ptr)
c:/st/stm32cubeide_1.11.0/stm32cubeide/plugins/com.st.stm32cube.ide.mcu.externaltools.gnu-tools-for-stm32.10.3-2021.10.win32_1.0.100.202210260954/tools/bin/../lib/gcc/arm-none-eabi/10.3.1/../../../../arm-none-eabi/lib/thumb/v7-m/nofp\libc_nano.a(lib_a-init.o)
                              c:/st/stm32cubeide_1.11.0/stm32cubeide/plugins/com.st.stm32cube.ide.mcu.externaltools.gnu-tools-for-stm32.10.3-2021.10.win32_1.0.100.202210260954/tools/bin/../lib/gcc/arm-none-eabi/10.3.1/../../../../arm-none-eabi/lib/thumb/v7-m/nofp/crt0.o (__libc_init_array)
c:/st/stm32cubeide_1.11.0/stm32cubeide/plugins/com.st.stm32cube.ide.mcu.externaltools.gnu-tools-for-stm32.10.3-2021.10.win32_1.0.100.202210260954/tools/bin/../lib/gcc/arm-none-eabi/10.3.1/../../../../arm-none-eabi/lib/thumb/v7-m/nofp\libc_nano.a(lib_a-memset.o)
                              c:/st/stm32cubeide_1.11.0/stm32cubeide/plugins/com.st.stm32cube.ide.mcu.externaltools.gnu-tools-for-stm32.10.3-2021.10.win32_1.0.100.202210260954/tools/bin/../lib/gcc/arm-none-eabi/10.3.1/../../../../arm-none-eabi/lib/thumb/v7-m/nofp/crt0.o (memset)
c:/st/stm32cubeide_1.11.0/stm32cubeide/plugins/com.st.stm32cube.ide.mcu.externaltools.gnu-tools-for-stm32.10.3-2021.10.win32_1.0.100.202210260954/tools/bin/../lib/gcc/arm-none-eabi/10.3.1/thumb/v7-m/nofp\libgcc.a(_arm_mulsf3.o)
                              ./Core/Src/app.o (__aeabi_fmul)
c:/st/stm32cubeide_1.11.0/stm32cubeide/plugins/com.st.stm32cube.ide.mcu.externaltools.gnu-tools-for-stm32.10.3-2021.10.win32_1.0.100.202210260954/tools/bin/../lib/gcc/arm-none-eabi/10.3.1/thumb/v7-m/nofp\libgcc.a(_arm_addsubdf3.o)
                              ./Core/Src/number_pad.o (__aeabi_i2d)
c:/st/stm32cubeide_1.11.0/stm32cubeide/plugins/com.st.stm32cube.ide.mcu.externaltools.gnu-tools-for-stm32.10.3-2021.10.win32_1.0.100.202210260954/tools/bin/../lib/gcc/arm-none-eabi/10.3.1/thumb/v7-m/nofp\libgcc.a(_arm_muldivdf3.o)
                              ./Core/Src/number_pad.o (__aeabi_ddiv)
c:/st/stm32cubeide_1.11.0/stm32cubeide/plugins/com.st.stm32cube.ide.mcu.externaltools.gnu-tools-for-stm32.10.3-2021.10.win32_1.0.100.202210260954/tools/bin/../lib/gcc/arm-none-eabi/10.3.1/thumb/v7-m/nofp\libgcc.a(_arm_fixunsdfsi.o)
                              ./Core/Src/number_pad.o (__aeabi_d2uiz)
c:/st/stm32cubeide_1.11.0/stm32cubeide/plugins/com.st.stm32cube.ide.mcu.externaltools.gnu-tools-for-stm32.10.3-2021.10.win32_1.0.100.202210260954/tools/bin/../lib/gcc/arm-none-eabi/10.3.1/thumb/v7-m/nofp\libgcc.a(_arm_addsubsf3.o)
                              ./Core/Src/number_pad.o (__aeabi_fsub)
c:/st/stm32cubeide_1.11.0/stm32cubeide/plugins/com.st.stm32cube.ide.mcu.externaltools.gnu-tools-for-stm32.10.3-2021.10.win32_1.0.100.202210260954/tools/bin/../lib/gcc/arm-none-eabi/10.3.1/thumb/v7-m/nofp\libgcc.a(_arm_muldivsf3.o)
                              ./Core/Src/number_pad.o (__aeabi_fdiv)
c:/st/stm32cubeide_1.11.0/stm32cubeide/plugins/com.st.stm32cube.ide.mcu.externaltools.gnu-tools-for-stm32.10.3-2021.10.win32_1.0.100.202210260954/tools/bin/../lib/gcc/arm-none-eabi/10.3.1/thumb/v7-m/nofp\libgcc.a(_arm_fixsfsi.o)
                              ./Core/Src/voa_comm.o (__aeabi_f2iz)
c:/st/stm32cubeide_1.11.0/stm32cubeide/plugins/com.st.stm32cube.ide.mcu.externaltools.gnu-tools-for-stm32.10.3-2021.10.win32_1.0.100.202210260954/tools/bin/../lib/gcc/arm-none-eabi/10.3.1/thumb/v7-m/nofp\libgcc.a(_arm_fixunssfsi.o)
                              ./Core/Src/app.o (__aeabi_f2uiz)

Discarded input sections

[...]
Memory Configuration

Name             Origin             Length             Attributes
RAM              0x0000000020000000 0x0000000000002800 xrw
FLASH            0x0000000008000000 0x0000000000008000 xr
*default*        0x0000000000000000 0xffffffffffffffff

Linker script and memory map

LOAD c:/st/stm32cubeide_1.11.0/stm32cubeide/plugins/com.st.stm32cube.ide.mcu.externaltools.gnu-tools-for-stm32.10.3-2021.10.win32_1.0.100.202210260954/tools/bin/../lib/gcc/arm-none-eabi/10.3.1/thumb/v7-m/nofp/crti.o
LOAD c:/st/stm32cubeide_1.11.0/stm32cubeide/plugins/com.st.stm32cube.ide.mcu.externaltools.gnu-tools-for-stm32.10.3-2021.10.win32_1.0.100.202210260954/tools/bin/../lib/gcc/arm-none-eabi/10.3.1/thumb/v7-m/nofp/crtbegin.o
LOAD c:/st/stm32cubeide_1.11.0/stm32cubeide/plugins/com.st.stm32cube.ide.mcu.externaltools.gnu-tools-for-stm32.10.3-2021.10.win32_1.0.100.202210260954/tools/bin/../lib/gcc/arm-none-eabi/10.3.1/../../../../arm-none-eabi/lib/thumb/v7-m/nofp/crt0.o
LOAD ./Core/Src/UART.o
LOAD ./Core/Src/aardvark.o
LOAD ./Core/Src/app.o
LOAD ./Core/Src/gpio.o
LOAD ./Core/Src/main.o
LOAD ./Core/Src/number_pad.o
LOAD ./Core/Src/scheduler.o
LOAD ./Core/Src/stm32f1xx_hal_msp.o
LOAD ./Core/Src/stm32f1xx_it.o
LOAD ./Core/Src/syscalls.o
LOAD ./Core/Src/sysmem.o
LOAD ./Core/Src/system_stm32f1xx.o
LOAD ./Core/Src/voa_comm.o
LOAD ./Core/Startup/startup_stm32f103c6tx.o
LOAD ./Drivers/STM32F1xx_HAL_Driver/Src/stm32f1xx_hal.o
LOAD ./Drivers/STM32F1xx_HAL_Driver/Src/stm32f1xx_hal_cortex.o
LOAD ./Drivers/STM32F1xx_HAL_Driver/Src/stm32f1xx_hal_dma.o
LOAD ./Drivers/STM32F1xx_HAL_Driver/Src/stm32f1xx_hal_exti.o
LOAD ./Drivers/STM32F1xx_HAL_Driver/Src/stm32f1xx_hal_flash.o
LOAD ./Drivers/STM32F1xx_HAL_Driver/Src/stm32f1xx_hal_flash_ex.o
LOAD ./Drivers/STM32F1xx_HAL_Driver/Src/stm32f1xx_hal_gpio.o
LOAD ./Drivers/STM32F1xx_HAL_Driver/Src/stm32f1xx_hal_gpio_ex.o
LOAD ./Drivers/STM32F1xx_HAL_Driver/Src/stm32f1xx_hal_i2c.o
LOAD ./Drivers/STM32F1xx_HAL_Driver/Src/stm32f1xx_hal_pwr.o
LOAD ./Drivers/STM32F1xx_HAL_Driver/Src/stm32f1xx_hal_rcc.o
LOAD ./Drivers/STM32F1xx_HAL_Driver/Src/stm32f1xx_hal_rcc_ex.o
LOAD ./Drivers/STM32F1xx_HAL_Driver/Src/stm32f1xx_hal_uart.o
START GROUP
LOAD c:/st/stm32cubeide_1.11.0/stm32cubeide/plugins/com.st.stm32cube.ide.mcu.externaltools.gnu-tools-for-stm32.10.3-2021.10.win32_1.0.100.202210260954/tools/bin/../lib/gcc/arm-none-eabi/10.3.1/../../../../arm-none-eabi/lib/thumb/v7-m/nofp\libc_nano.a
LOAD c:/st/stm32cubeide_1.11.0/stm32cubeide/plugins/com.st.stm32cube.ide.mcu.externaltools.gnu-tools-for-stm32.10.3-2021.10.win32_1.0.100.202210260954/tools/bin/../lib/gcc/arm-none-eabi/10.3.1/../../../../arm-none-eabi/lib/thumb/v7-m/nofp\libm.a
END GROUP
START GROUP
LOAD c:/st/stm32cubeide_1.11.0/stm32cubeide/plugins/com.st.stm32cube.ide.mcu.externaltools.gnu-tools-for-stm32.10.3-2021.10.win32_1.0.100.202210260954/tools/bin/../lib/gcc/arm-none-eabi/10.3.1/thumb/v7-m/nofp\libgcc.a
LOAD c:/st/stm32cubeide_1.11.0/stm32cubeide/plugins/com.st.stm32cube.ide.mcu.externaltools.gnu-tools-for-stm32.10.3-2021.10.win32_1.0.100.202210260954/tools/bin/../lib/gcc/arm-none-eabi/10.3.1/../../../../arm-none-eabi/lib/thumb/v7-m/nofp\libc_nano.a
END GROUP
START GROUP
LOAD c:/st/stm32cubeide_1.11.0/stm32cubeide/plugins/com.st.stm32cube.ide.mcu.externaltools.gnu-tools-for-stm32.10.3-2021.10.win32_1.0.100.202210260954/tools/bin/../lib/gcc/arm-none-eabi/10.3.1/thumb/v7-m/nofp\libgcc.a
LOAD c:/st/stm32cubeide_1.11.0/stm32cubeide/plugins/com.st.stm32cube.ide.mcu.externaltools.gnu-tools-for-stm32.10.3-2021.10.win32_1.0.100.202210260954/tools/bin/../lib/gcc/arm-none-eabi/10.3.1/../../../../arm-none-eabi/lib/thumb/v7-m/nofp\libc_nano.a
LOAD c:/st/stm32cubeide_1.11.0/stm32cubeide/plugins/com.st.stm32cube.ide.mcu.externaltools.gnu-tools-for-stm32.10.3-2021.10.win32_1.0.100.202210260954/tools/bin/../lib/gcc/arm-none-eabi/10.3.1/../../../../arm-none-eabi/lib/thumb/v7-m/nofp\libnosys.a
END GROUP
START GROUP
LOAD c:/st/stm32cubeide_1.11.0/stm32cubeide/plugins/com.st.stm32cube.ide.mcu.externaltools.gnu-tools-for-stm32.10.3-2021.10.win32_1.0.100.202210260954/tools/bin/../lib/gcc/arm-none-eabi/10.3.1/thumb/v7-m/nofp\libgcc.a
LOAD c:/st/stm32cubeide_1.11.0/stm32cubeide/plugins/com.st.stm32cube.ide.mcu.externaltools.gnu-tools-for-stm32.10.3-2021.10.win32_1.0.100.202210260954/tools/bin/../lib/gcc/arm-none-eabi/10.3.1/../../../../arm-none-eabi/lib/thumb/v7-m/nofp\libc_nano.a
LOAD c:/st/stm32cubeide_1.11.0/stm32cubeide/plugins/com.st.stm32cube.ide.mcu.externaltools.gnu-tools-for-stm32.10.3-2021.10.win32_1.0.100.202210260954/tools/bin/../lib/gcc/arm-none-eabi/10.3.1/../../../../arm-none-eabi/lib/thumb/v7-m/nofp\libnosys.a
END GROUP
LOAD c:/st/stm32cubeide_1.11.0/stm32cubeide/plugins/com.st.stm32cube.ide.mcu.externaltools.gnu-tools-for-stm32.10.3-2021.10.win32_1.0.100.202210260954/tools/bin/../lib/gcc/arm-none-eabi/10.3.1/thumb/v7-m/nofp/crtend.o
LOAD c:/st/stm32cubeide_1.11.0/stm32cubeide/plugins/com.st.stm32cube.ide.mcu.externaltools.gnu-tools-for-stm32.10.3-2021.10.win32_1.0.100.202210260954/tools/bin/../lib/gcc/arm-none-eabi/10.3.1/thumb/v7-m/nofp/crtn.o
                0x0000000020002800                _estack = (ORIGIN (RAM) + LENGTH (RAM))
                0x0000000000000200                _Min_Heap_Size = 0x200
                0x0000000000000400                _Min_Stack_Size = 0x400

.isr_vector     0x0000000008000000      0x10c
                0x0000000008000000                . = ALIGN (0x4)
 *(.isr_vector)
 .isr_vector    0x0000000008000000      0x10c ./Core/Startup/startup_stm32f103c6tx.o
                0x0000000008000000                g_pfnVectors
                0x000000000800010c                . = ALIGN (0x4)

.text           0x000000000800010c     0x7c28
                0x000000000800010c                . = ALIGN (0x4)
 *(.text)
 .text          0x000000000800010c       0x40 c:/st/stm32cubeide_1.11.0/stm32cubeide/plugins/com.st.stm32cube.ide.mcu.externaltools.gnu-tools-for-stm32.10.3-2021.10.win32_1.0.100.202210260954/tools/bin/../lib/gcc/arm-none-eabi/10.3.1/thumb/v7-m/nofp/crtbegin.o
 .text          0x000000000800014c      0x378 c:/st/stm32cubeide_1.11.0/stm32cubeide/plugins/com.st.stm32cube.ide.mcu.externaltools.gnu-tools-for-stm32.10.3-2021.10.win32_1.0.100.202210260954/tools/bin/../lib/gcc/arm-none-eabi/10.3.1/thumb/v7-m/nofp\libgcc.a(_arm_addsubdf3.o)
                0x000000000800014c                __aeabi_drsub
                0x0000000008000154                __aeabi_dsub
                0x0000000008000154                __subdf3
                0x0000000008000158                __aeabi_dadd
                0x0000000008000158                __adddf3
                0x00000000080003d0                __floatunsidf
                0x00000000080003d0                __aeabi_ui2d
                0x00000000080003f0                __floatsidf
                0x00000000080003f0                __aeabi_i2d
                0x0000000008000414                __aeabi_f2d
                0x0000000008000414                __extendsfdf2
                0x0000000008000458                __floatundidf
                0x0000000008000458                __aeabi_ul2d
                0x0000000008000468                __floatdidf
                0x0000000008000468                __aeabi_l2d
 .text          0x00000000080004c4      0x424 c:/st/stm32cubeide_1.11.0/stm32cubeide/plugins/com.st.stm32cube.ide.mcu.externaltools.gnu-tools-for-stm32.10.3-2021.10.win32_1.0.100.202210260954/tools/bin/../lib/gcc/arm-none-eabi/10.3.1/thumb/v7-m/nofp\libgcc.a(_arm_muldivdf3.o)
                0x00000000080004c4                __aeabi_dmul
                0x00000000080004c4                __muldf3
                0x0000000008000718                __divdf3
                0x0000000008000718                __aeabi_ddiv
 .text          0x00000000080008e8       0x40 c:/st/stm32cubeide_1.11.0/stm32cubeide/plugins/com.st.stm32cube.ide.mcu.externaltools.gnu-tools-for-stm32.10.3-2021.10.win32_1.0.100.202210260954/tools/bin/../lib/gcc/arm-none-eabi/10.3.1/thumb/v7-m/nofp\libgcc.a(_arm_fixunsdfsi.o)
                0x00000000080008e8                __aeabi_d2uiz
                0x00000000080008e8                __fixunsdfsi
 .text          0x0000000008000928      0x21c c:/st/stm32cubeide_1.11.0/stm32cubeide/plugins/com.st.stm32cube.ide.mcu.externaltools.gnu-tools-for-stm32.10.3-2021.10.win32_1.0.100.202210260954/tools/bin/../lib/gcc/arm-none-eabi/10.3.1/thumb/v7-m/nofp\libgcc.a(_arm_addsubsf3.o)
                0x0000000008000928                __aeabi_frsub
                0x0000000008000930                __subsf3
                0x0000000008000930                __aeabi_fsub
                0x0000000008000934                __aeabi_fadd
                0x0000000008000934                __addsf3
                0x0000000008000a94                __aeabi_ui2f
                0x0000000008000a94                __floatunsisf
                0x0000000008000a9c                __aeabi_i2f
                0x0000000008000a9c                __floatsisf
                0x0000000008000ab8                __aeabi_ul2f
                0x0000000008000ab8                __floatundisf
                0x0000000008000ac8                __aeabi_l2f
                0x0000000008000ac8                __floatdisf
 .text          0x0000000008000b44      0x2a0 c:/st/stm32cubeide_1.11.0/stm32cubeide/plugins/com.st.stm32cube.ide.mcu.externaltools.gnu-tools-for-stm32.10.3-2021.10.win32_1.0.100.202210260954/tools/bin/../lib/gcc/arm-none-eabi/10.3.1/thumb/v7-m/nofp\libgcc.a(_arm_muldivsf3.o)
                0x0000000008000b44                __mulsf3
                0x0000000008000b44                __aeabi_fmul
                0x0000000008000cac                __aeabi_fdiv
                0x0000000008000cac                __divsf3
 .text          0x0000000008000de4       0x4c c:/st/stm32cubeide_1.11.0/stm32cubeide/plugins/com.st.stm32cube.ide.mcu.externaltools.gnu-tools-for-stm32.10.3-2021.10.win32_1.0.100.202210260954/tools/bin/../lib/gcc/arm-none-eabi/10.3.1/thumb/v7-m/nofp\libgcc.a(_arm_fixsfsi.o)
                0x0000000008000de4                __aeabi_f2iz
                0x0000000008000de4                __fixsfsi
 .text          0x0000000008000e30       0x40 c:/st/stm32cubeide_1.11.0/stm32cubeide/plugins/com.st.stm32cube.ide.mcu.externaltools.gnu-tools-for-stm32.10.3-2021.10.win32_1.0.100.202210260954/tools/bin/../lib/gcc/arm-none-eabi/10.3.1/thumb/v7-m/nofp\libgcc.a(_arm_fixunssfsi.o)
                0x0000000008000e30                __fixunssfsi
                0x0000000008000e30                __aeabi_f2uiz
 *(.text*)
 .text.uart_receive_init
                0x0000000008000e70       0x1c ./Core/Src/UART.o
                0x0000000008000e70                uart_receive_init
 .text.parseTouchIn
                0x0000000008000e8c      0x10e ./Core/Src/UART.o
                0x0000000008000e8c                parseTouchIn
 *fill*         0x0000000008000f9a        0x2 
 .text.getVOA   0x0000000008000f9c      0x134 ./Core/Src/UART.o
                0x0000000008000f9c                getVOA
 .text.isIn     0x00000000080010d0       0x4c ./Core/Src/UART.o
                0x00000000080010d0                isIn
 .text.addChannel
                0x000000000800111c       0xe4 ./Core/Src/UART.o
                0x000000000800111c                addChannel
 .text.removeVOA
                0x0000000008001200       0x5c ./Core/Src/UART.o
                0x0000000008001200                removeVOA
 .text.clearVOA
                0x000000000800125c       0x3c ./Core/Src/UART.o
                0x000000000800125c                clearVOA
 .text.clearRxData
                0x0000000008001298       0x34 ./Core/Src/UART.o
                0x0000000008001298                clearRxData
 .text.clearTxData
                0x00000000080012cc       0x34 ./Core/Src/UART.o
                0x00000000080012cc                clearTxData
 .text.parseUART
                0x0000000008001300       0x88 ./Core/Src/UART.o
                0x0000000008001300                parseUART
 .text.UART_init
                0x0000000008001388       0x18 ./Core/Src/UART.o
                0x0000000008001388                UART_init
 .text.MX_USART2_UART_Init
                0x00000000080013a0       0x54 ./Core/Src/UART.o
 .text.MX_DMA_Init
                0x00000000080013f4       0x3c ./Core/Src/UART.o
 .text.HAL_UART_RxCpltCallback
                0x0000000008001430       0x34 ./Core/Src/UART.o
                0x0000000008001430                HAL_UART_RxCpltCallback
 .text.touchscreen_update
                0x0000000008001464      0x410 ./Core/Src/UART.o
                0x0000000008001464                touchscreen_update
 .text.update_display_channel
                0x0000000008001874      0x1c8 ./Core/Src/UART.o
                0x0000000008001874                update_display_channel
 .text.touchscreen_receive_callback
                0x0000000008001a3c       0x4c ./Core/Src/UART.o
                0x0000000008001a3c                touchscreen_receive_callback
 .text.lockTouchscreen
                0x0000000008001a88       0x64 ./Core/Src/UART.o
                0x0000000008001a88                lockTouchscreen
 .text.selectChannel
                0x0000000008001aec      0x1a8 ./Core/Src/UART.o
                0x0000000008001aec                selectChannel
 .text.deselectVOA
                0x0000000008001c94       0x40 ./Core/Src/UART.o
                0x0000000008001c94                deselectVOA
 .text.update_curr_voa_info
                0x0000000008001cd4       0xbc ./Core/Src/app.o
                0x0000000008001cd4                update_curr_voa_info
 .text.number_pad_cb
                0x0000000008001d90       0xc8 ./Core/Src/app.o
                0x0000000008001d90                number_pad_cb
 .text.set_atten_callback
                0x0000000008001e58       0x54 ./Core/Src/app.o
                0x0000000008001e58                set_atten_callback
 .text.check_atten_callback
                0x0000000008001eac       0x44 ./Core/Src/app.o
                0x0000000008001eac                check_atten_callback
 .text.touchscreen_transmit_cb
                0x0000000008001ef0       0x80 ./Core/Src/app.o
                0x0000000008001ef0                touchscreen_transmit_cb
 .text.touchscreen_init
                0x0000000008001f70      0x10c ./Core/Src/app.o
                0x0000000008001f70                touchscreen_init
 .text.get_update_VOA
                0x000000000800207c       0x48 ./Core/Src/app.o
                0x000000000800207c                get_update_VOA
 .text.get_VOA_atten_arr
                0x00000000080020c4       0xd0 ./Core/Src/app.o
                0x00000000080020c4                get_VOA_atten_arr
 .text.clear_voa_update_flag
                0x0000000008002194       0x40 ./Core/Src/app.o
                0x0000000008002194                clear_voa_update_flag
 .text.unlockDevice
                0x00000000080021d4       0x18 ./Core/Src/app.o
                0x00000000080021d4                unlockDevice
 .text.lockDevice
                0x00000000080021ec       0x18 ./Core/Src/app.o
                0x00000000080021ec                lockDevice
 .text.getDeviceLockStatus
                0x0000000008002204       0x14 ./Core/Src/app.o
                0x0000000008002204                getDeviceLockStatus
 .text.HAL_GPIO_EXTI_Callback
                0x0000000008002218       0x38 ./Core/Src/gpio.o
                0x0000000008002218                HAL_GPIO_EXTI_Callback
 .text.MX_GPIO_Init
                0x0000000008002250      0x168 ./Core/Src/gpio.o
 .text.gpio_init
                0x00000000080023b8       0x18 ./Core/Src/gpio.o
                0x00000000080023b8                gpio_init
 .text.get_pin_pressed
                0x00000000080023d0       0x14 ./Core/Src/gpio.o
                0x00000000080023d0                get_pin_pressed
 .text.reset_np_press
                0x00000000080023e4       0x18 ./Core/Src/gpio.o
                0x00000000080023e4                reset_np_press
 .text.main     0x00000000080023fc       0xfa ./Core/Src/main.o
                0x00000000080023fc                main
 .text.SystemClock_Config
                0x00000000080024f6       0x76 ./Core/Src/main.o
                0x00000000080024f6                SystemClock_Config
 .text.Error_Handler
                0x000000000800256c        0xa ./Core/Src/main.o
                0x000000000800256c                Error_Handler
 *fill*         0x0000000008002576        0x2 
 .text.add_to_buffer
                0x0000000008002578      0x12c ./Core/Src/number_pad.o
                0x0000000008002578                add_to_buffer
 .text.number_pad_init
                0x00000000080026a4       0x50 ./Core/Src/number_pad.o
                0x00000000080026a4                number_pad_init
 .text.reset_np_buffer
                0x00000000080026f4       0x40 ./Core/Src/number_pad.o
                0x00000000080026f4                reset_np_buffer
 .text.reset_voa_setting_buff
                0x0000000008002734       0x30 ./Core/Src/number_pad.o
                0x0000000008002734                reset_voa_setting_buff
 .text.delete_num
                0x0000000008002764       0xf8 ./Core/Src/number_pad.o
                0x0000000008002764                delete_num
 .text.set_min_atten
                0x000000000800285c       0x16 ./Core/Src/number_pad.o
                0x000000000800285c                set_min_atten
 .text.set_max_atten
                0x0000000008002872       0x1c ./Core/Src/number_pad.o
                0x0000000008002872                set_max_atten
 *fill*         0x000000000800288e        0x2 
 .text.number_pad_read
                0x0000000008002890      0x3c8 ./Core/Src/number_pad.o
                0x0000000008002890                number_pad_read
 .text.scheduler_open
                0x0000000008002c58       0x1c ./Core/Src/scheduler.o
                0x0000000008002c58                scheduler_open
 .text.add_scheduled_event
                0x0000000008002c74       0x28 ./Core/Src/scheduler.o
                0x0000000008002c74                add_scheduled_event
 .text.remove_scheduled_event
                0x0000000008002c9c       0x2c ./Core/Src/scheduler.o
                0x0000000008002c9c                remove_scheduled_event
 .text.get_scheduled_events
                0x0000000008002cc8       0x14 ./Core/Src/scheduler.o
                0x0000000008002cc8                get_scheduled_events
 .text.HAL_MspInit
                0x0000000008002cdc       0x44 ./Core/Src/stm32f1xx_hal_msp.o
                0x0000000008002cdc                HAL_MspInit
 .text.HAL_I2C_MspInit
                0x0000000008002d20       0xc4 ./Core/Src/stm32f1xx_hal_msp.o
                0x0000000008002d20                HAL_I2C_MspInit
 .text.HAL_UART_MspInit
                0x0000000008002de4       0xe8 ./Core/Src/stm32f1xx_hal_msp.o
                0x0000000008002de4                HAL_UART_MspInit
 .text.NMI_Handler
                0x0000000008002ecc        0x6 ./Core/Src/stm32f1xx_it.o
                0x0000000008002ecc                NMI_Handler
 .text.HardFault_Handler
                0x0000000008002ed2        0x6 ./Core/Src/stm32f1xx_it.o
                0x0000000008002ed2                HardFault_Handler
 .text.MemManage_Handler
                0x0000000008002ed8        0x6 ./Core/Src/stm32f1xx_it.o
                0x0000000008002ed8                MemManage_Handler
 .text.BusFault_Handler
                0x0000000008002ede        0x6 ./Core/Src/stm32f1xx_it.o
                0x0000000008002ede                BusFault_Handler
 .text.UsageFault_Handler
                0x0000000008002ee4        0x6 ./Core/Src/stm32f1xx_it.o
                0x0000000008002ee4                UsageFault_Handler
 .text.SVC_Handler
                0x0000000008002eea        0xc ./Core/Src/stm32f1xx_it.o
                0x0000000008002eea                SVC_Handler
 .text.DebugMon_Handler
                0x0000000008002ef6        0xc ./Core/Src/stm32f1xx_it.o
                0x0000000008002ef6                DebugMon_Handler
 .text.PendSV_Handler
                0x0000000008002f02        0xc ./Core/Src/stm32f1xx_it.o
                0x0000000008002f02                PendSV_Handler
 .text.SysTick_Handler
                0x0000000008002f0e        0xc ./Core/Src/stm32f1xx_it.o
                0x0000000008002f0e                SysTick_Handler
 .text.EXTI0_IRQHandler
                0x0000000008002f1a        0xe ./Core/Src/stm32f1xx_it.o
                0x0000000008002f1a                EXTI0_IRQHandler
 .text.EXTI1_IRQHandler
                0x0000000008002f28        0xe ./Core/Src/stm32f1xx_it.o
                0x0000000008002f28                EXTI1_IRQHandler
 .text.EXTI4_IRQHandler
                0x0000000008002f36        0xe ./Core/Src/stm32f1xx_it.o
                0x0000000008002f36                EXTI4_IRQHandler
 .text.DMA1_Channel6_IRQHandler
                0x0000000008002f44       0x14 ./Core/Src/stm32f1xx_it.o
                0x0000000008002f44                DMA1_Channel6_IRQHandler
 .text.EXTI9_5_IRQHandler
                0x0000000008002f58        0xe ./Core/Src/stm32f1xx_it.o
                0x0000000008002f58                EXTI9_5_IRQHandler
 *fill*         0x0000000008002f66        0x2 
 .text.I2C1_EV_IRQHandler
                0x0000000008002f68       0x14 ./Core/Src/stm32f1xx_it.o
                0x0000000008002f68                I2C1_EV_IRQHandler
 .text.I2C1_ER_IRQHandler
                0x0000000008002f7c       0x14 ./Core/Src/stm32f1xx_it.o
                0x0000000008002f7c                I2C1_ER_IRQHandler
 .text.USART2_IRQHandler
                0x0000000008002f90       0x14 ./Core/Src/stm32f1xx_it.o
                0x0000000008002f90                USART2_IRQHandler
 .text.EXTI15_10_IRQHandler
                0x0000000008002fa4       0x10 ./Core/Src/stm32f1xx_it.o
                0x0000000008002fa4                EXTI15_10_IRQHandler
 .text.SystemInit
                0x0000000008002fb4        0xc ./Core/Src/system_stm32f1xx.o
                0x0000000008002fb4                SystemInit
 .text.MX_I2C1_Init
                0x0000000008002fc0       0x5c ./Core/Src/voa_comm.o
 .text.voa_comm_init
                0x000000000800301c       0x24 ./Core/Src/voa_comm.o
                0x000000000800301c                voa_comm_init
 .text.reset_buffer
                0x0000000008003040       0x40 ./Core/Src/voa_comm.o
                0x0000000008003040                reset_buffer
 .text.voa_busy
                0x0000000008003080       0x40 ./Core/Src/voa_comm.o
                0x0000000008003080                voa_busy
 .text.set_attenuation
                0x00000000080030c0       0x94 ./Core/Src/voa_comm.o
                0x00000000080030c0                set_attenuation
 .text.query_attenuation
                0x0000000008003154       0x54 ./Core/Src/voa_comm.o
                0x0000000008003154                query_attenuation
 .text.i2c_transmit
                0x00000000080031a8       0x4c ./Core/Src/voa_comm.o
                0x00000000080031a8                i2c_transmit
 .text.i2c_receive
                0x00000000080031f4       0x88 ./Core/Src/voa_comm.o
                0x00000000080031f4                i2c_receive
 .text.Reset_Handler
                0x000000000800327c       0x48 ./Core/Startup/startup_stm32f103c6tx.o
                0x000000000800327c                Reset_Handler
 .text.Default_Handler
                0x00000000080032c4        0x2 ./Core/Startup/startup_stm32f103c6tx.o
                0x00000000080032c4                RTC_Alarm_IRQHandler
                0x00000000080032c4                EXTI2_IRQHandler
                0x00000000080032c4                TIM1_CC_IRQHandler
                0x00000000080032c4                PVD_IRQHandler
                0x00000000080032c4                EXTI3_IRQHandler
                0x00000000080032c4                ADC1_2_IRQHandler
                0x00000000080032c4                SPI1_IRQHandler
                0x00000000080032c4                TAMPER_IRQHandler
                0x00000000080032c4                DMA1_Channel4_IRQHandler
                0x00000000080032c4                RTC_IRQHandler
                0x00000000080032c4                DMA1_Channel7_IRQHandler
                0x00000000080032c4                CAN1_RX1_IRQHandler
                0x00000000080032c4                TIM3_IRQHandler
                0x00000000080032c4                RCC_IRQHandler
                0x00000000080032c4                TIM1_TRG_COM_IRQHandler
                0x00000000080032c4                DMA1_Channel1_IRQHandler
                0x00000000080032c4                Default_Handler
                0x00000000080032c4                DMA1_Channel5_IRQHandler
                0x00000000080032c4                USB_LP_CAN1_RX0_IRQHandler
                0x00000000080032c4                USB_HP_CAN1_TX_IRQHandler
                0x00000000080032c4                DMA1_Channel3_IRQHandler
                0x00000000080032c4                TIM1_UP_IRQHandler
                0x00000000080032c4                WWDG_IRQHandler
                0x00000000080032c4                TIM2_IRQHandler
                0x00000000080032c4                TIM1_BRK_IRQHandler
                0x00000000080032c4                DMA1_Channel2_IRQHandler
                0x00000000080032c4                CAN1_SCE_IRQHandler
                0x00000000080032c4                FLASH_IRQHandler
                0x00000000080032c4                USART1_IRQHandler
                0x00000000080032c4                USBWakeUp_IRQHandler
 *fill*         0x00000000080032c6        0x2 
 .text.HAL_Init
                0x00000000080032c8       0x2c ./Drivers/STM32F1xx_HAL_Driver/Src/stm32f1xx_hal.o
                0x00000000080032c8                HAL_Init
 .text.HAL_InitTick
                0x00000000080032f4       0x60 ./Drivers/STM32F1xx_HAL_Driver/Src/stm32f1xx_hal.o
                0x00000000080032f4                HAL_InitTick
 .text.HAL_IncTick
                0x0000000008003354       0x24 ./Drivers/STM32F1xx_HAL_Driver/Src/stm32f1xx_hal.o
                0x0000000008003354                HAL_IncTick
 .text.HAL_GetTick
                0x0000000008003378       0x14 ./Drivers/STM32F1xx_HAL_Driver/Src/stm32f1xx_hal.o
                0x0000000008003378                HAL_GetTick
 .text.__NVIC_SetPriorityGrouping
                0x000000000800338c       0x48 ./Drivers/STM32F1xx_HAL_Driver/Src/stm32f1xx_hal_cortex.o
 .text.__NVIC_GetPriorityGrouping
                0x00000000080033d4       0x1c ./Drivers/STM32F1xx_HAL_Driver/Src/stm32f1xx_hal_cortex.o
 .text.__NVIC_EnableIRQ
                0x00000000080033f0       0x38 ./Drivers/STM32F1xx_HAL_Driver/Src/stm32f1xx_hal_cortex.o
 .text.__NVIC_DisableIRQ
                0x0000000008003428       0x48 ./Drivers/STM32F1xx_HAL_Driver/Src/stm32f1xx_hal_cortex.o
 .text.__NVIC_SetPriority
                0x0000000008003470       0x54 ./Drivers/STM32F1xx_HAL_Driver/Src/stm32f1xx_hal_cortex.o
 .text.NVIC_EncodePriority
                0x00000000080034c4       0x64 ./Drivers/STM32F1xx_HAL_Driver/Src/stm32f1xx_hal_cortex.o
 .text.SysTick_Config
                0x0000000008003528       0x44 ./Drivers/STM32F1xx_HAL_Driver/Src/stm32f1xx_hal_cortex.o
 .text.HAL_NVIC_SetPriorityGrouping
                0x000000000800356c       0x16 ./Drivers/STM32F1xx_HAL_Driver/Src/stm32f1xx_hal_cortex.o
                0x000000000800356c                HAL_NVIC_SetPriorityGrouping
 .text.HAL_NVIC_SetPriority
                0x0000000008003582       0x38 ./Drivers/STM32F1xx_HAL_Driver/Src/stm32f1xx_hal_cortex.o
                0x0000000008003582                HAL_NVIC_SetPriority
 .text.HAL_NVIC_EnableIRQ
                0x00000000080035ba       0x1c ./Drivers/STM32F1xx_HAL_Driver/Src/stm32f1xx_hal_cortex.o
                0x00000000080035ba                HAL_NVIC_EnableIRQ
 .text.HAL_NVIC_DisableIRQ
                0x00000000080035d6       0x1c ./Drivers/STM32F1xx_HAL_Driver/Src/stm32f1xx_hal_cortex.o
                0x00000000080035d6                HAL_NVIC_DisableIRQ
 .text.HAL_SYSTICK_Config
                0x00000000080035f2       0x18 ./Drivers/STM32F1xx_HAL_Driver/Src/stm32f1xx_hal_cortex.o
                0x00000000080035f2                HAL_SYSTICK_Config
 *fill*         0x000000000800360a        0x2 
 .text.HAL_DMA_Init
                0x000000000800360c       0xb4 ./Drivers/STM32F1xx_HAL_Driver/Src/stm32f1xx_hal_dma.o
                0x000000000800360c                HAL_DMA_Init
 .text.HAL_DMA_Start_IT
                0x00000000080036c0       0xbe ./Drivers/STM32F1xx_HAL_Driver/Src/stm32f1xx_hal_dma.o
                0x00000000080036c0                HAL_DMA_Start_IT
 .text.HAL_DMA_Abort
                0x000000000800377e       0x74 ./Drivers/STM32F1xx_HAL_Driver/Src/stm32f1xx_hal_dma.o
                0x000000000800377e                HAL_DMA_Abort
 *fill*         0x00000000080037f2        0x2 
 .text.HAL_DMA_Abort_IT
                0x00000000080037f4       0xec ./Drivers/STM32F1xx_HAL_Driver/Src/stm32f1xx_hal_dma.o
                0x00000000080037f4                HAL_DMA_Abort_IT
 .text.HAL_DMA_IRQHandler
                0x00000000080038e0      0x20c ./Drivers/STM32F1xx_HAL_Driver/Src/stm32f1xx_hal_dma.o
                0x00000000080038e0                HAL_DMA_IRQHandler
 .text.HAL_DMA_GetState
                0x0000000008003aec       0x18 ./Drivers/STM32F1xx_HAL_Driver/Src/stm32f1xx_hal_dma.o
                0x0000000008003aec                HAL_DMA_GetState
 .text.DMA_SetConfig
                0x0000000008003b04       0x5a ./Drivers/STM32F1xx_HAL_Driver/Src/stm32f1xx_hal_dma.o
 *fill*         0x0000000008003b5e        0x2 
 .text.HAL_GPIO_Init
                0x0000000008003b60      0x2f8 ./Drivers/STM32F1xx_HAL_Driver/Src/stm32f1xx_hal_gpio.o
                0x0000000008003b60                HAL_GPIO_Init
 .text.HAL_GPIO_ReadPin
                0x0000000008003e58       0x2e ./Drivers/STM32F1xx_HAL_Driver/Src/stm32f1xx_hal_gpio.o
                0x0000000008003e58                HAL_GPIO_ReadPin
 .text.HAL_GPIO_WritePin
                0x0000000008003e86       0x30 ./Drivers/STM32F1xx_HAL_Driver/Src/stm32f1xx_hal_gpio.o
                0x0000000008003e86                HAL_GPIO_WritePin
 *fill*         0x0000000008003eb6        0x2 
 .text.HAL_GPIO_EXTI_IRQHandler
                0x0000000008003eb8       0x30 ./Drivers/STM32F1xx_HAL_Driver/Src/stm32f1xx_hal_gpio.o
                0x0000000008003eb8                HAL_GPIO_EXTI_IRQHandler
 .text.HAL_I2C_Init
                0x0000000008003ee8      0x288 ./Drivers/STM32F1xx_HAL_Driver/Src/stm32f1xx_hal_i2c.o
                0x0000000008003ee8                HAL_I2C_Init
 .text.HAL_I2C_Master_Transmit
                0x0000000008004170      0x1fc ./Drivers/STM32F1xx_HAL_Driver/Src/stm32f1xx_hal_i2c.o
                0x0000000008004170                HAL_I2C_Master_Transmit
 .text.HAL_I2C_Master_Receive
                0x000000000800436c      0x4c0 ./Drivers/STM32F1xx_HAL_Driver/Src/stm32f1xx_hal_i2c.o
                0x000000000800436c                HAL_I2C_Master_Receive
 .text.HAL_I2C_EV_IRQHandler
                0x000000000800482c      0x2e2 ./Drivers/STM32F1xx_HAL_Driver/Src/stm32f1xx_hal_i2c.o
                0x000000000800482c                HAL_I2C_EV_IRQHandler
 .text.HAL_I2C_ER_IRQHandler
                0x0000000008004b0e      0x15e ./Drivers/STM32F1xx_HAL_Driver/Src/stm32f1xx_hal_i2c.o
                0x0000000008004b0e                HAL_I2C_ER_IRQHandler
 .text.HAL_I2C_MasterTxCpltCallback
                0x0000000008004c6c       0x12 ./Drivers/STM32F1xx_HAL_Driver/Src/stm32f1xx_hal_i2c.o
                0x0000000008004c6c                HAL_I2C_MasterTxCpltCallback
 .text.HAL_I2C_MasterRxCpltCallback
                0x0000000008004c7e       0x12 ./Drivers/STM32F1xx_HAL_Driver/Src/stm32f1xx_hal_i2c.o
                0x0000000008004c7e                HAL_I2C_MasterRxCpltCallback
 .text.HAL_I2C_SlaveTxCpltCallback
                0x0000000008004c90       0x12 ./Drivers/STM32F1xx_HAL_Driver/Src/stm32f1xx_hal_i2c.o
                0x0000000008004c90                HAL_I2C_SlaveTxCpltCallback
 .text.HAL_I2C_SlaveRxCpltCallback
                0x0000000008004ca2       0x12 ./Drivers/STM32F1xx_HAL_Driver/Src/stm32f1xx_hal_i2c.o
                0x0000000008004ca2                HAL_I2C_SlaveRxCpltCallback
 .text.HAL_I2C_AddrCallback
                0x0000000008004cb4       0x1a ./Drivers/STM32F1xx_HAL_Driver/Src/stm32f1xx_hal_i2c.o
                0x0000000008004cb4                HAL_I2C_AddrCallback
 .text.HAL_I2C_ListenCpltCallback
                0x0000000008004cce       0x12 ./Drivers/STM32F1xx_HAL_Driver/Src/stm32f1xx_hal_i2c.o
                0x0000000008004cce                HAL_I2C_ListenCpltCallback
 .text.HAL_I2C_MemTxCpltCallback
                0x0000000008004ce0       0x12 ./Drivers/STM32F1xx_HAL_Driver/Src/stm32f1xx_hal_i2c.o
                0x0000000008004ce0                HAL_I2C_MemTxCpltCallback
 .text.HAL_I2C_MemRxCpltCallback
                0x0000000008004cf2       0x12 ./Drivers/STM32F1xx_HAL_Driver/Src/stm32f1xx_hal_i2c.o
                0x0000000008004cf2                HAL_I2C_MemRxCpltCallback
 .text.HAL_I2C_ErrorCallback
                0x0000000008004d04       0x12 ./Drivers/STM32F1xx_HAL_Driver/Src/stm32f1xx_hal_i2c.o
                0x0000000008004d04                HAL_I2C_ErrorCallback
 .text.HAL_I2C_AbortCpltCallback
                0x0000000008004d16       0x12 ./Drivers/STM32F1xx_HAL_Driver/Src/stm32f1xx_hal_i2c.o
                0x0000000008004d16                HAL_I2C_AbortCpltCallback
 .text.I2C_MasterTransmit_TXE
                0x0000000008004d28      0x138 ./Drivers/STM32F1xx_HAL_Driver/Src/stm32f1xx_hal_i2c.o
 .text.I2C_MasterTransmit_BTF
                0x0000000008004e60       0xec ./Drivers/STM32F1xx_HAL_Driver/Src/stm32f1xx_hal_i2c.o
 .text.I2C_MemoryTransmit_TXE_BTF
                0x0000000008004f4c      0x128 ./Drivers/STM32F1xx_HAL_Driver/Src/stm32f1xx_hal_i2c.o
 .text.I2C_MasterReceive_RXNE
                0x0000000008005074      0x162 ./Drivers/STM32F1xx_HAL_Driver/Src/stm32f1xx_hal_i2c.o
 .text.I2C_MasterReceive_BTF
                0x00000000080051d6      0x1d4 ./Drivers/STM32F1xx_HAL_Driver/Src/stm32f1xx_hal_i2c.o
 .text.I2C_Master_SB
                0x00000000080053aa      0x10a ./Drivers/STM32F1xx_HAL_Driver/Src/stm32f1xx_hal_i2c.o
 .text.I2C_Master_ADD10
                0x00000000080054b4       0x52 ./Drivers/STM32F1xx_HAL_Driver/Src/stm32f1xx_hal_i2c.o
 .text.I2C_Master_ADDR
                0x0000000008005506      0x336 ./Drivers/STM32F1xx_HAL_Driver/Src/stm32f1xx_hal_i2c.o
 .text.I2C_SlaveTransmit_TXE
                0x000000000800583c       0x7a ./Drivers/STM32F1xx_HAL_Driver/Src/stm32f1xx_hal_i2c.o
 .text.I2C_SlaveTransmit_BTF
                0x00000000080058b6       0x40 ./Drivers/STM32F1xx_HAL_Driver/Src/stm32f1xx_hal_i2c.o
 .text.I2C_SlaveReceive_RXNE
                0x00000000080058f6       0x7c ./Drivers/STM32F1xx_HAL_Driver/Src/stm32f1xx_hal_i2c.o
 .text.I2C_SlaveReceive_BTF
                0x0000000008005972       0x42 ./Drivers/STM32F1xx_HAL_Driver/Src/stm32f1xx_hal_i2c.o
 .text.I2C_Slave_ADDR
                0x00000000080059b4       0x94 ./Drivers/STM32F1xx_HAL_Driver/Src/stm32f1xx_hal_i2c.o
 .text.I2C_Slave_STOPF
                0x0000000008005a48      0x260 ./Drivers/STM32F1xx_HAL_Driver/Src/stm32f1xx_hal_i2c.o
 .text.I2C_Slave_AF
                0x0000000008005ca8       0xe0 ./Drivers/STM32F1xx_HAL_Driver/Src/stm32f1xx_hal_i2c.o
 .text.I2C_ITError
                0x0000000008005d88      0x264 ./Drivers/STM32F1xx_HAL_Driver/Src/stm32f1xx_hal_i2c.o
 .text.I2C_MasterRequestWrite
                0x0000000008005fec      0x104 ./Drivers/STM32F1xx_HAL_Driver/Src/stm32f1xx_hal_i2c.o
 .text.I2C_MasterRequestRead
                0x00000000080060f0      0x19c ./Drivers/STM32F1xx_HAL_Driver/Src/stm32f1xx_hal_i2c.o
 .text.I2C_DMAAbort
                0x000000000800628c      0x150 ./Drivers/STM32F1xx_HAL_Driver/Src/stm32f1xx_hal_i2c.o
 .text.I2C_WaitOnFlagUntilTimeout
                0x00000000080063dc       0xae ./Drivers/STM32F1xx_HAL_Driver/Src/stm32f1xx_hal_i2c.o
 .text.I2C_WaitOnMasterAddressFlagUntilTimeout
                0x000000000800648a       0xfe ./Drivers/STM32F1xx_HAL_Driver/Src/stm32f1xx_hal_i2c.o
 .text.I2C_WaitOnTXEFlagUntilTimeout
                0x0000000008006588       0x82 ./Drivers/STM32F1xx_HAL_Driver/Src/stm32f1xx_hal_i2c.o
 .text.I2C_WaitOnBTFFlagUntilTimeout
                0x000000000800660a       0x82 ./Drivers/STM32F1xx_HAL_Driver/Src/stm32f1xx_hal_i2c.o
 .text.I2C_WaitOnSTOPRequestThroughIT
                0x000000000800668c       0x64 ./Drivers/STM32F1xx_HAL_Driver/Src/stm32f1xx_hal_i2c.o
 .text.I2C_WaitOnRXNEFlagUntilTimeout
                0x00000000080066f0       0xac ./Drivers/STM32F1xx_HAL_Driver/Src/stm32f1xx_hal_i2c.o
 .text.I2C_IsAcknowledgeFailed
                0x000000000800679c       0x5c ./Drivers/STM32F1xx_HAL_Driver/Src/stm32f1xx_hal_i2c.o
 .text.I2C_ConvertOtherXferOptions
                0x00000000080067f8       0x34 ./Drivers/STM32F1xx_HAL_Driver/Src/stm32f1xx_hal_i2c.o
 .text.HAL_RCC_OscConfig
                0x000000000800682c      0x504 ./Drivers/STM32F1xx_HAL_Driver/Src/stm32f1xx_hal_rcc.o
                0x000000000800682c                HAL_RCC_OscConfig
 .text.HAL_RCC_ClockConfig
                0x0000000008006d30      0x1d4 ./Drivers/STM32F1xx_HAL_Driver/Src/stm32f1xx_hal_rcc.o
                0x0000000008006d30                HAL_RCC_ClockConfig
 .text.HAL_RCC_GetSysClockFreq
                0x0000000008006f04       0xbc ./Drivers/STM32F1xx_HAL_Driver/Src/stm32f1xx_hal_rcc.o
                0x0000000008006f04                HAL_RCC_GetSysClockFreq
 .text.HAL_RCC_GetHCLKFreq
                0x0000000008006fc0       0x14 ./Drivers/STM32F1xx_HAL_Driver/Src/stm32f1xx_hal_rcc.o
                0x0000000008006fc0                HAL_RCC_GetHCLKFreq
 .text.HAL_RCC_GetPCLK1Freq
                0x0000000008006fd4       0x28 ./Drivers/STM32F1xx_HAL_Driver/Src/stm32f1xx_hal_rcc.o
                0x0000000008006fd4                HAL_RCC_GetPCLK1Freq
 .text.HAL_RCC_GetPCLK2Freq
                0x0000000008006ffc       0x28 ./Drivers/STM32F1xx_HAL_Driver/Src/stm32f1xx_hal_rcc.o
                0x0000000008006ffc                HAL_RCC_GetPCLK2Freq
 .text.RCC_Delay
                0x0000000008007024       0x3c ./Drivers/STM32F1xx_HAL_Driver/Src/stm32f1xx_hal_rcc.o
 .text.HAL_UART_Init
                0x0000000008007060       0x9a ./Drivers/STM32F1xx_HAL_Driver/Src/stm32f1xx_hal_uart.o
                0x0000000008007060                HAL_UART_Init
 .text.HAL_UART_Transmit
                0x00000000080070fa      0x124 ./Drivers/STM32F1xx_HAL_Driver/Src/stm32f1xx_hal_uart.o
                0x00000000080070fa                HAL_UART_Transmit
 .text.HAL_UART_Receive_DMA
                0x000000000800721e       0x60 ./Drivers/STM32F1xx_HAL_Driver/Src/stm32f1xx_hal_uart.o
                0x000000000800721e                HAL_UART_Receive_DMA
 *fill*         0x000000000800727e        0x2 
 .text.HAL_UART_IRQHandler
                0x0000000008007280      0x354 ./Drivers/STM32F1xx_HAL_Driver/Src/stm32f1xx_hal_uart.o
                0x0000000008007280                HAL_UART_IRQHandler
 .text.HAL_UART_TxCpltCallback
                0x00000000080075d4       0x12 ./Drivers/STM32F1xx_HAL_Driver/Src/stm32f1xx_hal_uart.o
                0x00000000080075d4                HAL_UART_TxCpltCallback
 .text.HAL_UART_RxHalfCpltCallback
                0x00000000080075e6       0x12 ./Drivers/STM32F1xx_HAL_Driver/Src/stm32f1xx_hal_uart.o
                0x00000000080075e6                HAL_UART_RxHalfCpltCallback
 .text.HAL_UART_ErrorCallback
                0x00000000080075f8       0x12 ./Drivers/STM32F1xx_HAL_Driver/Src/stm32f1xx_hal_uart.o
                0x00000000080075f8                HAL_UART_ErrorCallback
 .text.HAL_UARTEx_RxEventCallback
                0x000000000800760a       0x16 ./Drivers/STM32F1xx_HAL_Driver/Src/stm32f1xx_hal_uart.o
                0x000000000800760a                HAL_UARTEx_RxEventCallback
 .text.UART_DMAReceiveCplt
                0x0000000008007620       0x96 ./Drivers/STM32F1xx_HAL_Driver/Src/stm32f1xx_hal_uart.o
 .text.UART_DMARxHalfCplt
                0x00000000080076b6       0x36 ./Drivers/STM32F1xx_HAL_Driver/Src/stm32f1xx_hal_uart.o
 .text.UART_DMAError
                0x00000000080076ec       0x94 ./Drivers/STM32F1xx_HAL_Driver/Src/stm32f1xx_hal_uart.o
 .text.UART_WaitOnFlagUntilTimeout
                0x0000000008007780       0x94 ./Drivers/STM32F1xx_HAL_Driver/Src/stm32f1xx_hal_uart.o
 .text.UART_Start_Receive_DMA
                0x0000000008007814       0xc8 ./Drivers/STM32F1xx_HAL_Driver/Src/stm32f1xx_hal_uart.o
                0x0000000008007814                UART_Start_Receive_DMA
 .text.UART_EndTxTransfer
                0x00000000080078dc       0x2a ./Drivers/STM32F1xx_HAL_Driver/Src/stm32f1xx_hal_uart.o
 .text.UART_EndRxTransfer
                0x0000000008007906       0x58 ./Drivers/STM32F1xx_HAL_Driver/Src/stm32f1xx_hal_uart.o
 .text.UART_DMAAbortOnError
                0x000000000800795e       0x28 ./Drivers/STM32F1xx_HAL_Driver/Src/stm32f1xx_hal_uart.o
 .text.UART_Transmit_IT
                0x0000000008007986       0x9e ./Drivers/STM32F1xx_HAL_Driver/Src/stm32f1xx_hal_uart.o
 .text.UART_EndTransmit_IT
                0x0000000008007a24       0x30 ./Drivers/STM32F1xx_HAL_Driver/Src/stm32f1xx_hal_uart.o
 .text.UART_Receive_IT
                0x0000000008007a54      0x152 ./Drivers/STM32F1xx_HAL_Driver/Src/stm32f1xx_hal_uart.o
 *fill*         0x0000000008007ba6        0x2 
 .text.UART_SetConfig
                0x0000000008007ba8      0x11c ./Drivers/STM32F1xx_HAL_Driver/Src/stm32f1xx_hal_uart.o
 .text.__libc_init_array
                0x0000000008007cc4       0x48 c:/st/stm32cubeide_1.11.0/stm32cubeide/plugins/com.st.stm32cube.ide.mcu.externaltools.gnu-tools-for-stm32.10.3-2021.10.win32_1.0.100.202210260954/tools/bin/../lib/gcc/arm-none-eabi/10.3.1/../../../../arm-none-eabi/lib/thumb/v7-m/nofp\libc_nano.a(lib_a-init.o)
                0x0000000008007cc4                __libc_init_array
 .text.memset   0x0000000008007d0c       0x10 c:/st/stm32cubeide_1.11.0/stm32cubeide/plugins/com.st.stm32cube.ide.mcu.externaltools.gnu-tools-for-stm32.10.3-2021.10.win32_1.0.100.202210260954/tools/bin/../lib/gcc/arm-none-eabi/10.3.1/../../../../arm-none-eabi/lib/thumb/v7-m/nofp\libc_nano.a(lib_a-memset.o)
                0x0000000008007d0c                memset
 *(.glue_7)
 .glue_7        0x0000000008007d1c        0x0 linker stubs
 *(.glue_7t)
 .glue_7t       0x0000000008007d1c        0x0 linker stubs
 *(.eh_frame)
 .eh_frame      0x0000000008007d1c        0x0 c:/st/stm32cubeide_1.11.0/stm32cubeide/plugins/com.st.stm32cube.ide.mcu.externaltools.gnu-tools-for-stm32.10.3-2021.10.win32_1.0.100.202210260954/tools/bin/../lib/gcc/arm-none-eabi/10.3.1/thumb/v7-m/nofp/crtbegin.o
 *(.init)
 .init          0x0000000008007d1c        0x4 c:/st/stm32cubeide_1.11.0/stm32cubeide/plugins/com.st.stm32cube.ide.mcu.externaltools.gnu-tools-for-stm32.10.3-2021.10.win32_1.0.100.202210260954/tools/bin/../lib/gcc/arm-none-eabi/10.3.1/thumb/v7-m/nofp/crti.o
                0x0000000008007d1c                _init
 .init          0x0000000008007d20        0x8 c:/st/stm32cubeide_1.11.0/stm32cubeide/plugins/com.st.stm32cube.ide.mcu.externaltools.gnu-tools-for-stm32.10.3-2021.10.win32_1.0.100.202210260954/tools/bin/../lib/gcc/arm-none-eabi/10.3.1/thumb/v7-m/nofp/crtn.o
 *(.fini)
 .fini          0x0000000008007d28        0x4 c:/st/stm32cubeide_1.11.0/stm32cubeide/plugins/com.st.stm32cube.ide.mcu.externaltools.gnu-tools-for-stm32.10.3-2021.10.win32_1.0.100.202210260954/tools/bin/../lib/gcc/arm-none-eabi/10.3.1/thumb/v7-m/nofp/crti.o
                0x0000000008007d28                _fini
 .fini          0x0000000008007d2c        0x8 c:/st/stm32cubeide_1.11.0/stm32cubeide/plugins/com.st.stm32cube.ide.mcu.externaltools.gnu-tools-for-stm32.10.3-2021.10.win32_1.0.100.202210260954/tools/bin/../lib/gcc/arm-none-eabi/10.3.1/thumb/v7-m/nofp/crtn.o
                0x0000000008007d34                . = ALIGN (0x4)
                0x0000000008007d34                _etext = .

.vfp11_veneer   0x0000000008007d34        0x0
 .vfp11_veneer  0x0000000008007d34        0x0 linker stubs

.v4_bx          0x0000000008007d34        0x0
 .v4_bx         0x0000000008007d34        0x0 linker stubs

.iplt           0x0000000008007d34        0x0
 .iplt          0x0000000008007d34        0x0 c:/st/stm32cubeide_1.11.0/stm32cubeide/plugins/com.st.stm32cube.ide.mcu.externaltools.gnu-tools-for-stm32.10.3-2021.10.win32_1.0.100.202210260954/tools/bin/../lib/gcc/arm-none-eabi/10.3.1/thumb/v7-m/nofp/crtbegin.o

.rodata         0x0000000008007d34       0xb0
                0x0000000008007d34                . = ALIGN (0x4)
 *(.rodata)
 .rodata        0x0000000008007d34       0x87 ./Core/Src/UART.o
 *fill*         0x0000000008007dbb        0x1 
 .rodata        0x0000000008007dbc       0x10 ./Drivers/STM32F1xx_HAL_Driver/Src/stm32f1xx_hal_rcc.o
 *(.rodata*)
 .rodata.AHBPrescTable
                0x0000000008007dcc       0x10 ./Core/Src/system_stm32f1xx.o
                0x0000000008007dcc                AHBPrescTable
 .rodata.APBPrescTable
                0x0000000008007ddc        0x8 ./Core/Src/system_stm32f1xx.o
                0x0000000008007ddc                APBPrescTable
                0x0000000008007de4                . = ALIGN (0x4)

.rel.dyn        0x0000000008007de4        0x0
 .rel.iplt      0x0000000008007de4        0x0 c:/st/stm32cubeide_1.11.0/stm32cubeide/plugins/com.st.stm32cube.ide.mcu.externaltools.gnu-tools-for-stm32.10.3-2021.10.win32_1.0.100.202210260954/tools/bin/../lib/gcc/arm-none-eabi/10.3.1/thumb/v7-m/nofp/crtbegin.o

.ARM.extab      0x0000000008007de4        0x0
                0x0000000008007de4                . = ALIGN (0x4)
 *(.ARM.extab* .gnu.linkonce.armextab.*)
                0x0000000008007de4                . = ALIGN (0x4)

.ARM            0x0000000008007de4        0x0
                0x0000000008007de4                . = ALIGN (0x4)
                0x0000000008007de4                __exidx_start = .
 *(.ARM.exidx*)
                0x0000000008007de4                __exidx_end = .
                0x0000000008007de4                . = ALIGN (0x4)

.preinit_array  0x0000000008007de4        0x0
                0x0000000008007de4                . = ALIGN (0x4)
                0x0000000008007de4                PROVIDE (__preinit_array_start = .)
 *(.preinit_array*)
                0x0000000008007de4                PROVIDE (__preinit_array_end = .)
                0x0000000008007de4                . = ALIGN (0x4)

.init_array     0x0000000008007de4        0x4
                0x0000000008007de4                . = ALIGN (0x4)
                0x0000000008007de4                PROVIDE (__init_array_start = .)
 *(SORT_BY_NAME(.init_array.*))
 *(.init_array*)
 .init_array    0x0000000008007de4        0x4 c:/st/stm32cubeide_1.11.0/stm32cubeide/plugins/com.st.stm32cube.ide.mcu.externaltools.gnu-tools-for-stm32.10.3-2021.10.win32_1.0.100.202210260954/tools/bin/../lib/gcc/arm-none-eabi/10.3.1/thumb/v7-m/nofp/crtbegin.o
                0x0000000008007de8                PROVIDE (__init_array_end = .)
                0x0000000008007de8                . = ALIGN (0x4)

.fini_array     0x0000000008007de8        0x4
                0x0000000008007de8                . = ALIGN (0x4)
                [!provide]                        PROVIDE (__fini_array_start = .)
 *(SORT_BY_NAME(.fini_array.*))
 *(.fini_array*)
 .fini_array    0x0000000008007de8        0x4 c:/st/stm32cubeide_1.11.0/stm32cubeide/plugins/com.st.stm32cube.ide.mcu.externaltools.gnu-tools-for-stm32.10.3-2021.10.win32_1.0.100.202210260954/tools/bin/../lib/gcc/arm-none-eabi/10.3.1/thumb/v7-m/nofp/crtbegin.o
                [!provide]                        PROVIDE (__fini_array_end = .)
                0x0000000008007dec                . = ALIGN (0x4)
                0x0000000008007dec                _sidata = LOADADDR (.data)

.data           0x0000000020000000        0xc load address 0x0000000008007dec
                0x0000000020000000                . = ALIGN (0x4)
                0x0000000020000000                _sdata = .
 *(.data)
 *(.data*)
 .data.SystemCoreClock
                0x0000000020000000        0x4 ./Core/Src/system_stm32f1xx.o
                0x0000000020000000                SystemCoreClock
 .data.uwTickPrio
                0x0000000020000004        0x4 ./Drivers/STM32F1xx_HAL_Driver/Src/stm32f1xx_hal.o
                0x0000000020000004                uwTickPrio
 .data.uwTickFreq
                0x0000000020000008        0x1 ./Drivers/STM32F1xx_HAL_Driver/Src/stm32f1xx_hal.o
                0x0000000020000008                uwTickFreq
 *(.RamFunc)
 *(.RamFunc*)
                0x000000002000000c                . = ALIGN (0x4)
 *fill*         0x0000000020000009        0x3 
                0x000000002000000c                _edata = .

.igot.plt       0x000000002000000c        0x0 load address 0x0000000008007df8
 .igot.plt      0x000000002000000c        0x0 c:/st/stm32cubeide_1.11.0/stm32cubeide/plugins/com.st.stm32cube.ide.mcu.externaltools.gnu-tools-for-stm32.10.3-2021.10.win32_1.0.100.202210260954/tools/bin/../lib/gcc/arm-none-eabi/10.3.1/thumb/v7-m/nofp/crtbegin.o
                0x000000002000000c                . = ALIGN (0x4)

.bss            0x000000002000000c      0x274 load address 0x0000000008007df8
                0x000000002000000c                _sbss = .
                0x000000002000000c                __bss_start__ = _sbss
 *(.bss)
 .bss           0x000000002000000c       0x1c c:/st/stm32cubeide_1.11.0/stm32cubeide/plugins/com.st.stm32cube.ide.mcu.externaltools.gnu-tools-for-stm32.10.3-2021.10.win32_1.0.100.202210260954/tools/bin/../lib/gcc/arm-none-eabi/10.3.1/thumb/v7-m/nofp/crtbegin.o
 *(.bss*)
 .bss.Rx_data   0x0000000020000028       0x14 ./Core/Src/UART.o
                0x0000000020000028                Rx_data
 .bss.TxData    0x000000002000003c       0x64 ./Core/Src/UART.o
                0x000000002000003c                TxData
 .bss.voaIndex  0x00000000200000a0        0x1 ./Core/Src/UART.o
                0x00000000200000a0                voaIndex
 *fill*         0x00000000200000a1        0x3 
 .bss.voaSelect
                0x00000000200000a4        0xe ./Core/Src/UART.o
                0x00000000200000a4                voaSelect
 .bss.voaSelected
                0x00000000200000b2        0x1 ./Core/Src/UART.o
                0x00000000200000b2                voaSelected
 .bss.highlight
                0x00000000200000b3        0x1 ./Core/Src/UART.o
                0x00000000200000b3                highlight
 .bss.huart2    0x00000000200000b4       0x44 ./Core/Src/UART.o
                0x00000000200000b4                huart2
 .bss.hdma_usart2_rx
                0x00000000200000f8       0x44 ./Core/Src/UART.o
                0x00000000200000f8                hdma_usart2_rx
 .bss.curr_voa_info
                0x000000002000013c       0x7c ./Core/Src/app.o
                0x000000002000013c                curr_voa_info
 .bss.touchscreen_state
                0x00000000200001b8        0x1 ./Core/Src/app.o
                0x00000000200001b8                touchscreen_state
 .bss.deviceLock
                0x00000000200001b9        0x1 ./Core/Src/app.o
                0x00000000200001b9                deviceLock
 .bss.pin       0x00000000200001ba        0x2 ./Core/Src/gpio.o
                0x00000000200001ba                pin
 .bss.np_pressed
                0x00000000200001bc        0x1 ./Core/Src/gpio.o
                0x00000000200001bc                np_pressed
 *fill*         0x00000000200001bd        0x3 
 .bss.touchscreenInputs
                0x00000000200001c0       0x10 ./Core/Src/main.o
                0x00000000200001c0                touchscreenInputs
 .bss.GPIO_InitStructPrivate
                0x00000000200001d0       0x10 ./Core/Src/number_pad.o
                0x00000000200001d0                GPIO_InitStructPrivate
 .bss.set       0x00000000200001e0        0x1 ./Core/Src/number_pad.o
                0x00000000200001e0                set
 *fill*         0x00000000200001e1        0x3 
 .bss.previousMillis
                0x00000000200001e4        0x4 ./Core/Src/number_pad.o
                0x00000000200001e4                previousMillis
 .bss.currentMillis
                0x00000000200001e8        0x4 ./Core/Src/number_pad.o
                0x00000000200001e8                currentMillis
 .bss.keyPressed
                0x00000000200001ec        0x1 ./Core/Src/number_pad.o
                0x00000000200001ec                keyPressed
 *fill*         0x00000000200001ed        0x3 
 .bss.np_buffer
                0x00000000200001f0        0xf ./Core/Src/number_pad.o
                0x00000000200001f0                np_buffer
 *fill*         0x00000000200001ff        0x1 
 .bss.voa_settings
                0x0000000020000200        0xc ./Core/Src/number_pad.o
                0x0000000020000200                voa_settings
 .bss.in_range  0x000000002000020c        0x1 ./Core/Src/number_pad.o
                0x000000002000020c                in_range
 *fill*         0x000000002000020d        0x3 
 .bss.num_pressed
                0x0000000020000210        0x2 ./Core/Src/number_pad.o
                0x0000000020000210                num_pressed
 *fill*         0x0000000020000212        0x2 
 .bss.event_scheduled
                0x0000000020000214        0x4 ./Core/Src/scheduler.o
 .bss.i2c_data  0x0000000020000218        0xc ./Core/Src/voa_comm.o
                0x0000000020000218                i2c_data
 .bss.hi2c1     0x0000000020000224       0x54 ./Core/Src/voa_comm.o
                0x0000000020000224                hi2c1
 .bss.setting_voa_check
                0x0000000020000278        0x1 ./Core/Src/voa_comm.o
                0x0000000020000278                setting_voa_check
 .bss.recent_atten
                0x0000000020000279        0x1 ./Core/Src/voa_comm.o
                0x0000000020000279                recent_atten
 *fill*         0x000000002000027a        0x2 
 .bss.uwTick    0x000000002000027c        0x4 ./Drivers/STM32F1xx_HAL_Driver/Src/stm32f1xx_hal.o
                0x000000002000027c                uwTick
 *(COMMON)
                0x0000000020000280                . = ALIGN (0x4)
                0x0000000020000280                _ebss = .
                0x0000000020000280                __bss_end__ = _ebss

._user_heap_stack
                0x0000000020000280      0x600 load address 0x0000000008007df8
                0x0000000020000280                . = ALIGN (0x8)
                [!provide]                        PROVIDE (end = .)
                0x0000000020000280                PROVIDE (_end = .)
                0x0000000020000480                . = (. + _Min_Heap_Size)
 *fill*         0x0000000020000280      0x200 
                0x0000000020000880                . = (. + _Min_Stack_Size)
 *fill*         0x0000000020000480      0x400 
                0x0000000020000880                . = ALIGN (0x8)

/DISCARD/
 libc.a(*)
 libm.a(*)
 libgcc.a(*)

.ARM.attributes
                0x0000000000000000       0x29
 *(.ARM.attributes)
 .ARM.attributes
                0x0000000000000000       0x1d c:/st/stm32cubeide_1.11.0/stm32cubeide/plugins/com.st.stm32cube.ide.mcu.externaltools.gnu-tools-for-stm32.10.3-2021.10.win32_1.0.100.202210260954/tools/bin/../lib/gcc/arm-none-eabi/10.3.1/thumb/v7-m/nofp/crti.o
 .ARM.attributes
                0x000000000000001d       0x2d c:/st/stm32cubeide_1.11.0/stm32cubeide/plugins/com.st.stm32cube.ide.mcu.externaltools.gnu-tools-for-stm32.10.3-2021.10.win32_1.0.100.202210260954/tools/bin/../lib/gcc/arm-none-eabi/10.3.1/thumb/v7-m/nofp/crtbegin.o
 .ARM.attributes
                0x000000000000004a       0x2d ./Core/Src/UART.o
 .ARM.attributes
                0x0000000000000077       0x2d ./Core/Src/app.o
 .ARM.attributes
                0x00000000000000a4       0x2d ./Core/Src/gpio.o
 .ARM.attributes
                0x00000000000000d1       0x2d ./Core/Src/main.o
 .ARM.attributes
                0x00000000000000fe       0x2d ./Core/Src/number_pad.o
 .ARM.attributes
                0x000000000000012b       0x2d ./Core/Src/scheduler.o
 .ARM.attributes
                0x0000000000000158       0x2d ./Core/Src/stm32f1xx_hal_msp.o
 .ARM.attributes
                0x0000000000000185       0x2d ./Core/Src/stm32f1xx_it.o
 .ARM.attributes
                0x00000000000001b2       0x2d ./Core/Src/system_stm32f1xx.o
 .ARM.attributes
                0x00000000000001df       0x2d ./Core/Src/voa_comm.o
 .ARM.attributes
                0x000000000000020c       0x21 ./Core/Startup/startup_stm32f103c6tx.o
 .ARM.attributes
                0x000000000000022d       0x2d ./Drivers/STM32F1xx_HAL_Driver/Src/stm32f1xx_hal.o
 .ARM.attributes
                0x000000000000025a       0x2d ./Drivers/STM32F1xx_HAL_Driver/Src/stm32f1xx_hal_cortex.o
 .ARM.attributes
                0x0000000000000287       0x2d ./Drivers/STM32F1xx_HAL_Driver/Src/stm32f1xx_hal_dma.o
 .ARM.attributes
                0x00000000000002b4       0x2d ./Drivers/STM32F1xx_HAL_Driver/Src/stm32f1xx_hal_gpio.o
 .ARM.attributes
                0x00000000000002e1       0x2d ./Drivers/STM32F1xx_HAL_Driver/Src/stm32f1xx_hal_i2c.o
 .ARM.attributes
                0x000000000000030e       0x2d ./Drivers/STM32F1xx_HAL_Driver/Src/stm32f1xx_hal_rcc.o
 .ARM.attributes
                0x000000000000033b       0x2d ./Drivers/STM32F1xx_HAL_Driver/Src/stm32f1xx_hal_uart.o
 .ARM.attributes
                0x0000000000000368       0x2d c:/st/stm32cubeide_1.11.0/stm32cubeide/plugins/com.st.stm32cube.ide.mcu.externaltools.gnu-tools-for-stm32.10.3-2021.10.win32_1.0.100.202210260954/tools/bin/../lib/gcc/arm-none-eabi/10.3.1/../../../../arm-none-eabi/lib/thumb/v7-m/nofp\libc_nano.a(lib_a-init.o)
 .ARM.attributes
                0x0000000000000395       0x2d c:/st/stm32cubeide_1.11.0/stm32cubeide/plugins/com.st.stm32cube.ide.mcu.externaltools.gnu-tools-for-stm32.10.3-2021.10.win32_1.0.100.202210260954/tools/bin/../lib/gcc/arm-none-eabi/10.3.1/../../../../arm-none-eabi/lib/thumb/v7-m/nofp\libc_nano.a(lib_a-memset.o)
 .ARM.attributes
                0x00000000000003c2       0x1d c:/st/stm32cubeide_1.11.0/stm32cubeide/plugins/com.st.stm32cube.ide.mcu.externaltools.gnu-tools-for-stm32.10.3-2021.10.win32_1.0.100.202210260954/tools/bin/../lib/gcc/arm-none-eabi/10.3.1/thumb/v7-m/nofp\libgcc.a(_arm_addsubdf3.o)
 .ARM.attributes
                0x00000000000003df       0x1d c:/st/stm32cubeide_1.11.0/stm32cubeide/plugins/com.st.stm32cube.ide.mcu.externaltools.gnu-tools-for-stm32.10.3-2021.10.win32_1.0.100.202210260954/tools/bin/../lib/gcc/arm-none-eabi/10.3.1/thumb/v7-m/nofp\libgcc.a(_arm_muldivdf3.o)
 .ARM.attributes
                0x00000000000003fc       0x1d c:/st/stm32cubeide_1.11.0/stm32cubeide/plugins/com.st.stm32cube.ide.mcu.externaltools.gnu-tools-for-stm32.10.3-2021.10.win32_1.0.100.202210260954/tools/bin/../lib/gcc/arm-none-eabi/10.3.1/thumb/v7-m/nofp\libgcc.a(_arm_fixunsdfsi.o)
 .ARM.attributes
                0x0000000000000419       0x1d c:/st/stm32cubeide_1.11.0/stm32cubeide/plugins/com.st.stm32cube.ide.mcu.externaltools.gnu-tools-for-stm32.10.3-2021.10.win32_1.0.100.202210260954/tools/bin/../lib/gcc/arm-none-eabi/10.3.1/thumb/v7-m/nofp\libgcc.a(_arm_addsubsf3.o)
 .ARM.attributes
                0x0000000000000436       0x1d c:/st/stm32cubeide_1.11.0/stm32cubeide/plugins/com.st.stm32cube.ide.mcu.externaltools.gnu-tools-for-stm32.10.3-2021.10.win32_1.0.100.202210260954/tools/bin/../lib/gcc/arm-none-eabi/10.3.1/thumb/v7-m/nofp\libgcc.a(_arm_muldivsf3.o)
 .ARM.attributes
                0x0000000000000453       0x1d c:/st/stm32cubeide_1.11.0/stm32cubeide/plugins/com.st.stm32cube.ide.mcu.externaltools.gnu-tools-for-stm32.10.3-2021.10.win32_1.0.100.202210260954/tools/bin/../lib/gcc/arm-none-eabi/10.3.1/thumb/v7-m/nofp\libgcc.a(_arm_fixsfsi.o)
 .ARM.attributes
                0x0000000000000470       0x1d c:/st/stm32cubeide_1.11.0/stm32cubeide/plugins/com.st.stm32cube.ide.mcu.externaltools.gnu-tools-for-stm32.10.3-2021.10.win32_1.0.100.202210260954/tools/bin/../lib/gcc/arm-none-eabi/10.3.1/thumb/v7-m/nofp\libgcc.a(_arm_fixunssfsi.o)
 .ARM.attributes
                0x000000000000048d       0x1d c:/st/stm32cubeide_1.11.0/stm32cubeide/plugins/com.st.stm32cube.ide.mcu.externaltools.gnu-tools-for-stm32.10.3-2021.10.win32_1.0.100.202210260954/tools/bin/../lib/gcc/arm-none-eabi/10.3.1/thumb/v7-m/nofp/crtn.o
OUTPUT(Capstone.elf elf32-littlearm)
LOAD linker stubs
LOAD c:/st/stm32cubeide_1.11.0/stm32cubeide/plugins/com.st.stm32cube.ide.mcu.externaltools.gnu-tools-for-stm32.10.3-2021.10.win32_1.0.100.202210260954/tools/bin/../lib/gcc/arm-none-eabi/10.3.1/../../../../arm-none-eabi/lib/thumb/v7-m/nofp\libc.a
LOAD c:/st/stm32cubeide_1.11.0/stm32cubeide/plugins/com.st.stm32cube.ide.mcu.externaltools.gnu-tools-for-stm32.10.3-2021.10.win32_1.0.100.202210260954/tools/bin/../lib/gcc/arm-none-eabi/10.3.1/../../../../arm-none-eabi/lib/thumb/v7-m/nofp\libm.a
LOAD c:/st/stm32cubeide_1.11.0/stm32cubeide/plugins/com.st.stm32cube.ide.mcu.externaltools.gnu-tools-for-stm32.10.3-2021.10.win32_1.0.100.202210260954/tools/bin/../lib/gcc/arm-none-eabi/10.3.1/thumb/v7-m/nofp\libgcc.a

.debug_info     0x0000000000000000     0xb1a7
 .debug_info    0x0000000000000000     0x1218 ./Core/Src/UART.o
 .debug_info    0x0000000000001218      0x6d3 ./Core/Src/app.o
 .debug_info    0x00000000000018eb      0x509 ./Core/Src/gpio.o
 .debug_info    0x0000000000001df4      0x40d ./Core/Src/main.o
 .debug_info    0x0000000000002201      0x615 ./Core/Src/number_pad.o
 .debug_info    0x0000000000002816      0x193 ./Core/Src/scheduler.o
 .debug_info    0x00000000000029a9      0xd6e ./Core/Src/stm32f1xx_hal_msp.o
 .debug_info    0x0000000000003717      0x9b9 ./Core/Src/stm32f1xx_it.o
 .debug_info    0x00000000000040d0      0x23d ./Core/Src/system_stm32f1xx.o
 .debug_info    0x000000000000430d      0x9a0 ./Core/Src/voa_comm.o
 .debug_info    0x0000000000004cad       0x22 ./Core/Startup/startup_stm32f103c6tx.o
 .debug_info    0x0000000000004ccf      0x716 ./Drivers/STM32F1xx_HAL_Driver/Src/stm32f1xx_hal.o
 .debug_info    0x00000000000053e5      0xb02 ./Drivers/STM32F1xx_HAL_Driver/Src/stm32f1xx_hal_cortex.o
 .debug_info    0x0000000000005ee7      0x73f ./Drivers/STM32F1xx_HAL_Driver/Src/stm32f1xx_hal_dma.o
 .debug_info    0x0000000000006626      0x615 ./Drivers/STM32F1xx_HAL_Driver/Src/stm32f1xx_hal_gpio.o
 .debug_info    0x0000000000006c3b     0x2734 ./Drivers/STM32F1xx_HAL_Driver/Src/stm32f1xx_hal_i2c.o
 .debug_info    0x000000000000936f      0x860 ./Drivers/STM32F1xx_HAL_Driver/Src/stm32f1xx_hal_rcc.o
 .debug_info    0x0000000000009bcf     0x15d8 ./Drivers/STM32F1xx_HAL_Driver/Src/stm32f1xx_hal_uart.o

.debug_abbrev   0x0000000000000000     0x24e5
 .debug_abbrev  0x0000000000000000      0x380 ./Core/Src/UART.o
 .debug_abbrev  0x0000000000000380      0x266 ./Core/Src/app.o
 .debug_abbrev  0x00000000000005e6      0x206 ./Core/Src/gpio.o
 .debug_abbrev  0x00000000000007ec      0x1dd ./Core/Src/main.o
 .debug_abbrev  0x00000000000009c9      0x288 ./Core/Src/number_pad.o
 .debug_abbrev  0x0000000000000c51       0xdd ./Core/Src/scheduler.o
 .debug_abbrev  0x0000000000000d2e      0x1ef ./Core/Src/stm32f1xx_hal_msp.o
 .debug_abbrev  0x0000000000000f1d      0x18e ./Core/Src/stm32f1xx_it.o
 .debug_abbrev  0x00000000000010ab      0x13b ./Core/Src/system_stm32f1xx.o
 .debug_abbrev  0x00000000000011e6      0x2a4 ./Core/Src/voa_comm.o
 .debug_abbrev  0x000000000000148a       0x12 ./Core/Startup/startup_stm32f103c6tx.o
 .debug_abbrev  0x000000000000149c      0x1fb ./Drivers/STM32F1xx_HAL_Driver/Src/stm32f1xx_hal.o
 .debug_abbrev  0x0000000000001697      0x2ed ./Drivers/STM32F1xx_HAL_Driver/Src/stm32f1xx_hal_cortex.o
 .debug_abbrev  0x0000000000001984      0x1fe ./Drivers/STM32F1xx_HAL_Driver/Src/stm32f1xx_hal_dma.o
 .debug_abbrev  0x0000000000001b82      0x1bb ./Drivers/STM32F1xx_HAL_Driver/Src/stm32f1xx_hal_gpio.o
 .debug_abbrev  0x0000000000001d3d      0x288 ./Drivers/STM32F1xx_HAL_Driver/Src/stm32f1xx_hal_i2c.o
 .debug_abbrev  0x0000000000001fc5      0x2a8 ./Drivers/STM32F1xx_HAL_Driver/Src/stm32f1xx_hal_rcc.o
 .debug_abbrev  0x000000000000226d      0x278 ./Drivers/STM32F1xx_HAL_Driver/Src/stm32f1xx_hal_uart.o

.debug_aranges  0x0000000000000000      0xbd0
 .debug_aranges
                0x0000000000000000       0xc0 ./Core/Src/UART.o
 .debug_aranges
                0x00000000000000c0       0x78 ./Core/Src/app.o
 .debug_aranges
                0x0000000000000138       0x48 ./Core/Src/gpio.o
 .debug_aranges
                0x0000000000000180       0x30 ./Core/Src/main.o
 .debug_aranges
                0x00000000000001b0       0x58 ./Core/Src/number_pad.o
 .debug_aranges
                0x0000000000000208       0x38 ./Core/Src/scheduler.o
 .debug_aranges
                0x0000000000000240       0x40 ./Core/Src/stm32f1xx_hal_msp.o
 .debug_aranges
                0x0000000000000280       0xa8 ./Core/Src/stm32f1xx_it.o
 .debug_aranges
                0x0000000000000328       0x28 ./Core/Src/system_stm32f1xx.o
 .debug_aranges
                0x0000000000000350       0x70 ./Core/Src/voa_comm.o
 .debug_aranges
                0x00000000000003c0       0x28 ./Core/Startup/startup_stm32f103c6tx.o
 .debug_aranges
                0x00000000000003e8       0xe0 ./Drivers/STM32F1xx_HAL_Driver/Src/stm32f1xx_hal.o
 .debug_aranges
                0x00000000000004c8      0x100 ./Drivers/STM32F1xx_HAL_Driver/Src/stm32f1xx_hal_cortex.o
 .debug_aranges
                0x00000000000005c8       0x80 ./Drivers/STM32F1xx_HAL_Driver/Src/stm32f1xx_hal_dma.o
 .debug_aranges
                0x0000000000000648       0x58 ./Drivers/STM32F1xx_HAL_Driver/Src/stm32f1xx_hal_gpio.o
 .debug_aranges
                0x00000000000006a0      0x2a0 ./Drivers/STM32F1xx_HAL_Driver/Src/stm32f1xx_hal_i2c.o
 .debug_aranges
                0x0000000000000940       0x90 ./Drivers/STM32F1xx_HAL_Driver/Src/stm32f1xx_hal_rcc.o
 .debug_aranges
                0x00000000000009d0      0x200 ./Drivers/STM32F1xx_HAL_Driver/Src/stm32f1xx_hal_uart.o

.debug_ranges   0x0000000000000000      0xb10
 .debug_ranges  0x0000000000000000       0xb0 ./Core/Src/UART.o
 .debug_ranges  0x00000000000000b0       0x68 ./Core/Src/app.o
 .debug_ranges  0x0000000000000118       0x38 ./Core/Src/gpio.o
 .debug_ranges  0x0000000000000150       0x20 ./Core/Src/main.o
 .debug_ranges  0x0000000000000170       0x48 ./Core/Src/number_pad.o
 .debug_ranges  0x00000000000001b8       0x28 ./Core/Src/scheduler.o
 .debug_ranges  0x00000000000001e0       0x30 ./Core/Src/stm32f1xx_hal_msp.o
 .debug_ranges  0x0000000000000210       0x98 ./Core/Src/stm32f1xx_it.o
 .debug_ranges  0x00000000000002a8       0x18 ./Core/Src/system_stm32f1xx.o
 .debug_ranges  0x00000000000002c0       0x60 ./Core/Src/voa_comm.o
 .debug_ranges  0x0000000000000320       0x20 ./Core/Startup/startup_stm32f103c6tx.o
 .debug_ranges  0x0000000000000340       0xd0 ./Drivers/STM32F1xx_HAL_Driver/Src/stm32f1xx_hal.o
 .debug_ranges  0x0000000000000410       0xf0 ./Drivers/STM32F1xx_HAL_Driver/Src/stm32f1xx_hal_cortex.o
 .debug_ranges  0x0000000000000500       0x70 ./Drivers/STM32F1xx_HAL_Driver/Src/stm32f1xx_hal_dma.o
 .debug_ranges  0x0000000000000570       0x48 ./Drivers/STM32F1xx_HAL_Driver/Src/stm32f1xx_hal_gpio.o
 .debug_ranges  0x00000000000005b8      0x2b8 ./Drivers/STM32F1xx_HAL_Driver/Src/stm32f1xx_hal_i2c.o
 .debug_ranges  0x0000000000000870       0x80 ./Drivers/STM32F1xx_HAL_Driver/Src/stm32f1xx_hal_rcc.o
 .debug_ranges  0x00000000000008f0      0x220 ./Drivers/STM32F1xx_HAL_Driver/Src/stm32f1xx_hal_uart.o

.debug_macro    0x0000000000000000    0x16bf7
 .debug_macro   0x0000000000000000      0x1d9 ./Core/Src/UART.o
 .debug_macro   0x00000000000001d9      0xa6c ./Core/Src/UART.o
 .debug_macro   0x0000000000000c45      0x221 ./Core/Src/UART.o
 .debug_macro   0x0000000000000e66       0x2e ./Core/Src/UART.o
 .debug_macro   0x0000000000000e94       0x22 ./Core/Src/UART.o
 .debug_macro   0x0000000000000eb6       0x22 ./Core/Src/UART.o
 .debug_macro   0x0000000000000ed8       0x8e ./Core/Src/UART.o
 .debug_macro   0x0000000000000f66       0x51 ./Core/Src/UART.o
 .debug_macro   0x0000000000000fb7      0x103 ./Core/Src/UART.o
 .debug_macro   0x00000000000010ba       0x6a ./Core/Src/UART.o
 .debug_macro   0x0000000000001124      0x1df ./Core/Src/UART.o
 .debug_macro   0x0000000000001303       0x1c ./Core/Src/UART.o
 .debug_macro   0x000000000000131f       0x22 ./Core/Src/UART.o
 .debug_macro   0x0000000000001341       0xbd ./Core/Src/UART.o
 .debug_macro   0x00000000000013fe      0xd23 ./Core/Src/UART.o
 .debug_macro   0x0000000000002121     0xde75 ./Core/Src/UART.o
 .debug_macro   0x000000000000ff96       0x6d ./Core/Src/UART.o
 .debug_macro   0x0000000000010003     0x3468 ./Core/Src/UART.o
 .debug_macro   0x000000000001346b      0x174 ./Core/Src/UART.o
 .debug_macro   0x00000000000135df       0x5c ./Core/Src/UART.o
 .debug_macro   0x000000000001363b      0x5be ./Core/Src/UART.o
 .debug_macro   0x0000000000013bf9      0x1b7 ./Core/Src/UART.o
 .debug_macro   0x0000000000013db0      0x1cb ./Core/Src/UART.o
 .debug_macro   0x0000000000013f7b      0x114 ./Core/Src/UART.o
 .debug_macro   0x000000000001408f      0x1b2 ./Core/Src/UART.o
 .debug_macro   0x0000000000014241       0x27 ./Core/Src/UART.o
 .debug_macro   0x0000000000014268      0x12f ./Core/Src/UART.o
 .debug_macro   0x0000000000014397      0x1bc ./Core/Src/UART.o
 .debug_macro   0x0000000000014553       0x34 ./Core/Src/UART.o
 .debug_macro   0x0000000000014587       0x3c ./Core/Src/UART.o
 .debug_macro   0x00000000000145c3       0x57 ./Core/Src/UART.o
 .debug_macro   0x000000000001461a       0x88 ./Core/Src/UART.o
 .debug_macro   0x00000000000146a2      0x183 ./Core/Src/UART.o
 .debug_macro   0x0000000000014825      0x287 ./Core/Src/UART.o
 .debug_macro   0x0000000000014aac      0x141 ./Core/Src/UART.o
 .debug_macro   0x0000000000014bed      0x279 ./Core/Src/UART.o
 .debug_macro   0x0000000000014e66       0x69 ./Core/Src/UART.o
 .debug_macro   0x0000000000014ecf       0x3a ./Core/Src/UART.o
 .debug_macro   0x0000000000014f09       0x10 ./Core/Src/UART.o
 .debug_macro   0x0000000000014f19       0x6a ./Core/Src/UART.o
 .debug_macro   0x0000000000014f83       0xac ./Core/Src/UART.o
 .debug_macro   0x000000000001502f      0x1d9 ./Core/Src/app.o
 .debug_macro   0x0000000000015208      0x1c8 ./Core/Src/gpio.o
 .debug_macro   0x00000000000153d0       0x64 ./Core/Src/gpio.o
 .debug_macro   0x0000000000015434      0x1e3 ./Core/Src/main.o
 .debug_macro   0x0000000000015617      0x1fd ./Core/Src/number_pad.o
 .debug_macro   0x0000000000015814       0x72 ./Core/Src/scheduler.o
 .debug_macro   0x0000000000015886       0x34 ./Core/Src/scheduler.o
 .debug_macro   0x00000000000158ba      0x1e3 ./Core/Src/stm32f1xx_hal_msp.o
 .debug_macro   0x0000000000015a9d      0x1ed ./Core/Src/stm32f1xx_it.o
 .debug_macro   0x0000000000015c8a      0x197 ./Core/Src/system_stm32f1xx.o
 .debug_macro   0x0000000000015e21      0x1cc ./Core/Src/voa_comm.o
 .debug_macro   0x0000000000015fed      0x1bb ./Drivers/STM32F1xx_HAL_Driver/Src/stm32f1xx_hal.o
 .debug_macro   0x00000000000161a8      0x197 ./Drivers/STM32F1xx_HAL_Driver/Src/stm32f1xx_hal_cortex.o
 .debug_macro   0x000000000001633f      0x197 ./Drivers/STM32F1xx_HAL_Driver/Src/stm32f1xx_hal_dma.o
 .debug_macro   0x00000000000164d6      0x202 ./Drivers/STM32F1xx_HAL_Driver/Src/stm32f1xx_hal_gpio.o
 .debug_macro   0x00000000000166d8      0x1de ./Drivers/STM32F1xx_HAL_Driver/Src/stm32f1xx_hal_i2c.o
 .debug_macro   0x00000000000168b6      0x1a9 ./Drivers/STM32F1xx_HAL_Driver/Src/stm32f1xx_hal_rcc.o
 .debug_macro   0x0000000000016a5f      0x198 ./Drivers/STM32F1xx_HAL_Driver/Src/stm32f1xx_hal_uart.o

.debug_line     0x0000000000000000     0xe1fb
 .debug_line    0x0000000000000000      0xfe7 ./Core/Src/UART.o
 .debug_line    0x0000000000000fe7      0x97c ./Core/Src/app.o
 .debug_line    0x0000000000001963      0x74e ./Core/Src/gpio.o
 .debug_line    0x00000000000020b1      0x77f ./Core/Src/main.o
 .debug_line    0x0000000000002830      0xa5e ./Core/Src/number_pad.o
 .debug_line    0x000000000000328e      0x3f5 ./Core/Src/scheduler.o
 .debug_line    0x0000000000003683      0x773 ./Core/Src/stm32f1xx_hal_msp.o
 .debug_line    0x0000000000003df6      0x844 ./Core/Src/stm32f1xx_it.o
 .debug_line    0x000000000000463a      0x6de ./Core/Src/system_stm32f1xx.o
 .debug_line    0x0000000000004d18      0x87a ./Core/Src/voa_comm.o
 .debug_line    0x0000000000005592       0x87 ./Core/Startup/startup_stm32f103c6tx.o
 .debug_line    0x0000000000005619      0x90b ./Drivers/STM32F1xx_HAL_Driver/Src/stm32f1xx_hal.o
 .debug_line    0x0000000000005f24      0xaf3 ./Drivers/STM32F1xx_HAL_Driver/Src/stm32f1xx_hal_cortex.o
 .debug_line    0x0000000000006a17      0xd63 ./Drivers/STM32F1xx_HAL_Driver/Src/stm32f1xx_hal_dma.o
 .debug_line    0x000000000000777a      0x98d ./Drivers/STM32F1xx_HAL_Driver/Src/stm32f1xx_hal_gpio.o
 .debug_line    0x0000000000008107     0x39f5 ./Drivers/STM32F1xx_HAL_Driver/Src/stm32f1xx_hal_i2c.o
 .debug_line    0x000000000000bafc      0xd19 ./Drivers/STM32F1xx_HAL_Driver/Src/stm32f1xx_hal_rcc.o
 .debug_line    0x000000000000c815     0x19e6 ./Drivers/STM32F1xx_HAL_Driver/Src/stm32f1xx_hal_uart.o

.debug_str      0x0000000000000000    0x7f24e
 .debug_str     0x0000000000000000    0x7c6b0 ./Core/Src/UART.o
                                      0x7cadd (size before relaxing)
 .debug_str     0x000000000007c6b0      0x2d0 ./Core/Src/app.o
                                      0x7c3dd (size before relaxing)
 .debug_str     0x000000000007c980      0x128 ./Core/Src/gpio.o
                                      0x7c254 (size before relaxing)
 .debug_str     0x000000000007caa8      0x1db ./Core/Src/main.o
                                      0x7c37c (size before relaxing)
 .debug_str     0x000000000007cc83      0x138 ./Core/Src/number_pad.o
                                      0x7c36b (size before relaxing)
 .debug_str     0x000000000007cdbb       0x3c ./Core/Src/scheduler.o
                                       0x3d38 (size before relaxing)
 .debug_str     0x000000000007cdf7      0x2fd ./Core/Src/stm32f1xx_hal_msp.o
                                      0x7cb15 (size before relaxing)
 .debug_str     0x000000000007d0f4      0x1e7 ./Core/Src/stm32f1xx_it.o
                                      0x7c86e (size before relaxing)
 .debug_str     0x000000000007d2db       0x7e ./Core/Src/system_stm32f1xx.o
                                      0x7bbde (size before relaxing)
 .debug_str     0x000000000007d359      0x18c ./Core/Src/voa_comm.o
                                      0x7c2f6 (size before relaxing)
 .debug_str     0x000000000007d4e5       0x36 ./Core/Startup/startup_stm32f103c6tx.o
                                         0x6c (size before relaxing)
 .debug_str     0x000000000007d51b      0x382 ./Drivers/STM32F1xx_HAL_Driver/Src/stm32f1xx_hal.o
                                      0x7c2d7 (size before relaxing)
 .debug_str     0x000000000007d89d      0x294 ./Drivers/STM32F1xx_HAL_Driver/Src/stm32f1xx_hal_cortex.o
                                      0x7c223 (size before relaxing)
 .debug_str     0x000000000007db31      0x206 ./Drivers/STM32F1xx_HAL_Driver/Src/stm32f1xx_hal_dma.o
                                      0x7bf87 (size before relaxing)
 .debug_str     0x000000000007dd37      0x297 ./Drivers/STM32F1xx_HAL_Driver/Src/stm32f1xx_hal_gpio.o
                                      0x7bf64 (size before relaxing)
 .debug_str     0x000000000007dfce      0xaf4 ./Drivers/STM32F1xx_HAL_Driver/Src/stm32f1xx_hal_i2c.o
                                      0x7cc52 (size before relaxing)
 .debug_str     0x000000000007eac2      0x209 ./Drivers/STM32F1xx_HAL_Driver/Src/stm32f1xx_hal_rcc.o
                                      0x7c00d (size before relaxing)
 .debug_str     0x000000000007eccb      0x583 ./Drivers/STM32F1xx_HAL_Driver/Src/stm32f1xx_hal_uart.o
                                      0x7c618 (size before relaxing)

.comment        0x0000000000000000       0x50
 .comment       0x0000000000000000       0x50 ./Core/Src/UART.o
                                         0x51 (size before relaxing)
 .comment       0x0000000000000050       0x51 ./Core/Src/app.o
 .comment       0x0000000000000050       0x51 ./Core/Src/gpio.o
 .comment       0x0000000000000050       0x51 ./Core/Src/main.o
 .comment       0x0000000000000050       0x51 ./Core/Src/number_pad.o
 .comment       0x0000000000000050       0x51 ./Core/Src/scheduler.o
 .comment       0x0000000000000050       0x51 ./Core/Src/stm32f1xx_hal_msp.o
 .comment       0x0000000000000050       0x51 ./Core/Src/stm32f1xx_it.o
 .comment       0x0000000000000050       0x51 ./Core/Src/system_stm32f1xx.o
 .comment       0x0000000000000050       0x51 ./Core/Src/voa_comm.o
 .comment       0x0000000000000050       0x51 ./Drivers/STM32F1xx_HAL_Driver/Src/stm32f1xx_hal.o
 .comment       0x0000000000000050       0x51 ./Drivers/STM32F1xx_HAL_Driver/Src/stm32f1xx_hal_cortex.o
 .comment       0x0000000000000050       0x51 ./Drivers/STM32F1xx_HAL_Driver/Src/stm32f1xx_hal_dma.o
 .comment       0x0000000000000050       0x51 ./Drivers/STM32F1xx_HAL_Driver/Src/stm32f1xx_hal_gpio.o
 .comment       0x0000000000000050       0x51 ./Drivers/STM32F1xx_HAL_Driver/Src/stm32f1xx_hal_i2c.o
 .comment       0x0000000000000050       0x51 ./Drivers/STM32F1xx_HAL_Driver/Src/stm32f1xx_hal_rcc.o
 .comment       0x0000000000000050       0x51 ./Drivers/STM32F1xx_HAL_Driver/Src/stm32f1xx_hal_uart.o

.debug_frame    0x0000000000000000     0x30cc
 .debug_frame   0x0000000000000000      0x328 ./Core/Src/UART.o
 .debug_frame   0x0000000000000328      0x1bc ./Core/Src/app.o
 .debug_frame   0x00000000000004e4       0xd4 ./Core/Src/gpio.o
 .debug_frame   0x00000000000005b8       0x68 ./Core/Src/main.o
 .debug_frame   0x0000000000000620      0x11c ./Core/Src/number_pad.o
 .debug_frame   0x000000000000073c       0x94 ./Core/Src/scheduler.o
 .debug_frame   0x00000000000007d0       0xc8 ./Core/Src/stm32f1xx_hal_msp.o
 .debug_frame   0x0000000000000898      0x200 ./Core/Src/stm32f1xx_it.o
 .debug_frame   0x0000000000000a98       0x58 ./Core/Src/system_stm32f1xx.o
 .debug_frame   0x0000000000000af0      0x168 ./Core/Src/voa_comm.o
 .debug_frame   0x0000000000000c58      0x334 ./Drivers/STM32F1xx_HAL_Driver/Src/stm32f1xx_hal.o
 .debug_frame   0x0000000000000f8c      0x428 ./Drivers/STM32F1xx_HAL_Driver/Src/stm32f1xx_hal_cortex.o
 .debug_frame   0x00000000000013b4      0x208 ./Drivers/STM32F1xx_HAL_Driver/Src/stm32f1xx_hal_dma.o
 .debug_frame   0x00000000000015bc      0x14c ./Drivers/STM32F1xx_HAL_Driver/Src/stm32f1xx_hal_gpio.o
 .debug_frame   0x0000000000001708      0xc5c ./Drivers/STM32F1xx_HAL_Driver/Src/stm32f1xx_hal_i2c.o
 .debug_frame   0x0000000000002364      0x21c ./Drivers/STM32F1xx_HAL_Driver/Src/stm32f1xx_hal_rcc.o
 .debug_frame   0x0000000000002580      0x914 ./Drivers/STM32F1xx_HAL_Driver/Src/stm32f1xx_hal_uart.o
 .debug_frame   0x0000000000002e94       0x2c c:/st/stm32cubeide_1.11.0/stm32cubeide/plugins/com.st.stm32cube.ide.mcu.externaltools.gnu-tools-for-stm32.10.3-2021.10.win32_1.0.100.202210260954/tools/bin/../lib/gcc/arm-none-eabi/10.3.1/../../../../arm-none-eabi/lib/thumb/v7-m/nofp\libc_nano.a(lib_a-init.o)
 .debug_frame   0x0000000000002ec0       0x20 c:/st/stm32cubeide_1.11.0/stm32cubeide/plugins/com.st.stm32cube.ide.mcu.externaltools.gnu-tools-for-stm32.10.3-2021.10.win32_1.0.100.202210260954/tools/bin/../lib/gcc/arm-none-eabi/10.3.1/../../../../arm-none-eabi/lib/thumb/v7-m/nofp\libc_nano.a(lib_a-memset.o)
 .debug_frame   0x0000000000002ee0       0xac c:/st/stm32cubeide_1.11.0/stm32cubeide/plugins/com.st.stm32cube.ide.mcu.externaltools.gnu-tools-for-stm32.10.3-2021.10.win32_1.0.100.202210260954/tools/bin/../lib/gcc/arm-none-eabi/10.3.1/thumb/v7-m/nofp\libgcc.a(_arm_addsubdf3.o)
 .debug_frame   0x0000000000002f8c       0x50 c:/st/stm32cubeide_1.11.0/stm32cubeide/plugins/com.st.stm32cube.ide.mcu.externaltools.gnu-tools-for-stm32.10.3-2021.10.win32_1.0.100.202210260954/tools/bin/../lib/gcc/arm-none-eabi/10.3.1/thumb/v7-m/nofp\libgcc.a(_arm_muldivdf3.o)
 .debug_frame   0x0000000000002fdc       0x24 c:/st/stm32cubeide_1.11.0/stm32cubeide/plugins/com.st.stm32cube.ide.mcu.externaltools.gnu-tools-for-stm32.10.3-2021.10.win32_1.0.100.202210260954/tools/bin/../lib/gcc/arm-none-eabi/10.3.1/thumb/v7-m/nofp\libgcc.a(_arm_fixunsdfsi.o)
 .debug_frame   0x0000000000003000       0x4c c:/st/stm32cubeide_1.11.0/stm32cubeide/plugins/com.st.stm32cube.ide.mcu.externaltools.gnu-tools-for-stm32.10.3-2021.10.win32_1.0.100.202210260954/tools/bin/../lib/gcc/arm-none-eabi/10.3.1/thumb/v7-m/nofp\libgcc.a(_arm_addsubsf3.o)
 .debug_frame   0x000000000000304c       0x38 c:/st/stm32cubeide_1.11.0/stm32cubeide/plugins/com.st.stm32cube.ide.mcu.externaltools.gnu-tools-for-stm32.10.3-2021.10.win32_1.0.100.202210260954/tools/bin/../lib/gcc/arm-none-eabi/10.3.1/thumb/v7-m/nofp\libgcc.a(_arm_muldivsf3.o)
 .debug_frame   0x0000000000003084       0x24 c:/st/stm32cubeide_1.11.0/stm32cubeide/plugins/com.st.stm32cube.ide.mcu.externaltools.gnu-tools-for-stm32.10.3-2021.10.win32_1.0.100.202210260954/tools/bin/../lib/gcc/arm-none-eabi/10.3.1/thumb/v7-m/nofp\libgcc.a(_arm_fixsfsi.o)
 .debug_frame   0x00000000000030a8       0x24 c:/st/stm32cubeide_1.11.0/stm32cubeide/plugins/com.st.stm32cube.ide.mcu.externaltools.gnu-tools-for-stm32.10.3-2021.10.win32_1.0.100.202210260954/tools/bin/../lib/gcc/arm-none-eabi/10.3.1/thumb/v7-m/nofp\libgcc.a(_arm_fixunssfsi.o)
