../Core/Src/UART.c:62:6:uart_receive_init	8	static
../Core/Src/UART.c:67:6:parseTouchIn	40	static
../Core/Src/UART.c:159:10:getVOA	16	static
../Core/Src/UART.c:182:9:isIn	24	static
../Core/Src/UART.c:191:6:addChannel	32	static
../Core/Src/UART.c:242:6:removeVOA	24	static
../Core/Src/UART.c:256:6:clearVOA	16	static
../Core/Src/UART.c:265:6:clearRxData	16	static
../Core/Src/UART.c:272:6:clearTxData	16	static
../Core/Src/UART.c:279:13:parseUART	48	static
../Core/Src/UART.c:334:6:UART_init	8	static
../Core/Src/UART.c:354:13:MX_USART2_UART_Init	8	static
../Core/Src/UART.c:385:13:MX_DMA_Init	16	static
../Core/Src/UART.c:398:6:HAL_UART_RxCpltCallback	16	static
../Core/Src/UART.c:415:6:touchscreen_update	104	static
../Core/Src/UART.c:595:6:update_display_channel	88	static
../Core/Src/UART.c:646:6:np_to_touchscreen	72	static
../Core/Src/UART.c:674:6:touchscreen_receive_callback	32	static
../Core/Src/UART.c:685:6:lockTouchscreen	56	static
../Core/Src/UART.c:694:6:selectChannel	72	static
../Core/Src/UART.c:734:6:deselectVOA	16	static
